Copyright 1986-2022 Xilinx, Inc. All Rights Reserved. Copyright 2022-2025 Advanced Micro Devices, Inc. All Rights Reserved.
---------------------------------------------------------------------------------------------------------------------------------------------
| Tool Version : Vivado v.2025.1 (lin64) Build 6140274 Wed May 21 22:58:25 MDT 2025
| Date         : Mon Dec  8 20:20:46 2025
| Host         : eecs-digital-01 running 64-bit Ubuntu 24.04.3 LTS
| Command      : report_timing -file obj/post_place_timing.rpt
| Design       : top_level
| Device       : 7s50-csga324
| Speed File   : -1  PRODUCTION 1.23 2018-06-13
| Design State : Physopt postPlace
---------------------------------------------------------------------------------------------------------------------------------------------

Timing Report

Slack (VIOLATED) :        -5.038ns  (required time - arrival time)
  Source:                 vsg/h_count_reg[1]_replica_1/C
                            (rising edge-triggered cell FDRE clocked by clk_pixel_cw_hdmi  {rise@0.000ns fall@6.734ns period=13.468ns})
  Destination:            tmds_blue/tally_reg[5]/D
                            (rising edge-triggered cell FDRE clocked by clk_pixel_cw_hdmi  {rise@0.000ns fall@6.734ns period=13.468ns})
  Path Group:             clk_pixel_cw_hdmi
  Path Type:              Setup (Max at Slow Process Corner)
  Requirement:            13.468ns  (clk_pixel_cw_hdmi rise@13.468ns - clk_pixel_cw_hdmi rise@0.000ns)
  Data Path Delay:        18.219ns  (logic 9.770ns (53.625%)  route 8.449ns (46.375%))
  Logic Levels:           21  (CARRY4=7 DSP48E1=2 LUT2=2 LUT5=1 LUT6=9)
  Clock Path Skew:        -0.109ns (DCD - SCD + CPR)
    Destination Clock Delay (DCD):    -2.122ns = ( 11.346 - 13.468 ) 
    Source Clock Delay      (SCD):    -2.522ns
    Clock Pessimism Removal (CPR):    -0.508ns
  Clock Uncertainty:      0.210ns  ((TSJ^2 + DJ^2)^1/2) / 2 + PE
    Total System Jitter     (TSJ):    0.071ns
    Discrete Jitter          (DJ):    0.414ns
    Phase Error              (PE):    0.000ns

    Location             Delay type                Incr(ns)  Path(ns)    Netlist Resource(s)
  -------------------------------------------------------------------    -------------------
                         (clock clk_pixel_cw_hdmi rise edge)
                                                      0.000     0.000 r  
    N15                                               0.000     0.000 r  clk_100mhz (IN)
                         net (fo=0)                   0.000     0.000    wizard_migcam/clk_100mhz
    N15                  IBUF (Prop_ibuf_I_O)         1.440     1.440 r  wizard_migcam/clkin1_ibufg/O
                         net (fo=1, estimated)        1.253     2.693    wizard_migcam/clk_in1_cw_fast
    PLLE2_ADV_X0Y0       PLLE2_ADV (Prop_plle2_adv_CLKIN1_CLKOUT0)
                                                     -8.525    -5.832 r  wizard_migcam/plle2_adv_inst/CLKOUT0
                         net (fo=1, estimated)        1.660    -4.172    wizard_migcam/clk_100_cw_fast
    BUFGCTRL_X0Y6        BUFG (Prop_bufg_I_O)         0.096    -4.076 r  wizard_migcam/clkout1_buf/O
                         net (fo=1, estimated)        1.634    -2.442    wizard_hdmi/sysclk
    MMCME2_ADV_X1Y0      MMCME2_ADV (Prop_mmcme2_adv_CLKIN1_CLKOUT0)
                                                     -3.393    -5.835 r  wizard_hdmi/mmcm_adv_inst/CLKOUT0
                         net (fo=1, estimated)        1.661    -4.174    wizard_hdmi/clk_pixel_cw_hdmi
    BUFGCTRL_X0Y0        BUFG (Prop_bufg_I_O)         0.096    -4.078 r  wizard_hdmi/clkout1_buf/O
                         net (fo=4515, estimated)     1.556    -2.522    vsg/clk_pixel
    SLICE_X29Y19         FDRE                                         r  vsg/h_count_reg[1]_replica_1/C
  -------------------------------------------------------------------    -------------------
    SLICE_X29Y19         FDRE (Prop_fdre_C_Q)         0.456    -2.066 r  vsg/h_count_reg[1]_replica_1/Q
                         net (fo=7, estimated)        0.611    -1.455    vsg/h_count[1]_repN_1
    SLICE_X28Y20         LUT2 (Prop_lut2_I0_O)        0.124    -1.331 r  vsg/inside_circle_return1_i_14/O
                         net (fo=1, routed)           0.000    -1.331    vsg/inside_circle_return1_i_14_n_0
    SLICE_X28Y20         CARRY4 (Prop_carry4_S[1]_CO[3])
                                                      0.550    -0.781 r  vsg/inside_circle_return1_i_4/CO[3]
                         net (fo=1, estimated)        0.000    -0.781    vsg/inside_circle_return1_i_4_n_0
    SLICE_X28Y21         CARRY4 (Prop_carry4_CI_CO[3])
                                                      0.114    -0.667 r  vsg/inside_circle_return1_i_3/CO[3]
                         net (fo=1, estimated)        0.000    -0.667    vsg/inside_circle_return1_i_3_n_0
    SLICE_X28Y22         CARRY4 (Prop_carry4_CI_O[3])
                                                      0.313    -0.354 r  vsg/inside_circle_return1_i_2/O[3]
                         net (fo=7, estimated)        1.103     0.749    renderer_inst/inside_circle_return1_1[11]
    DSP48_X0Y8           DSP48E1 (Prop_dsp48e1_B[11]_PCOUT[47])
                                                      4.033     4.782 r  renderer_inst/inside_circle_return1/PCOUT[47]
                         net (fo=1, estimated)        0.000     4.782    renderer_inst/inside_circle_return1_n_106
    DSP48_X0Y9           DSP48E1 (Prop_dsp48e1_PCIN[47]_P[2])
                                                      1.518     6.300 f  renderer_inst/inside_circle_return0/P[2]
                         net (fo=1, estimated)        0.975     7.275    renderer_inst/inside_circle_return0_n_103
    SLICE_X15Y20         LUT2 (Prop_lut2_I1_O)        0.124     7.399 r  renderer_inst/tmds[4]_i_48/O
                         net (fo=1, routed)           0.000     7.399    renderer_inst/tmds[4]_i_48_n_0
    SLICE_X15Y20         CARRY4 (Prop_carry4_S[1]_CO[3])
                                                      0.550     7.949 r  renderer_inst/tmds_reg[4]_i_30/CO[3]
                         net (fo=1, estimated)        0.000     7.949    renderer_inst/tmds_reg[4]_i_30_n_0
    SLICE_X15Y21         CARRY4 (Prop_carry4_CI_CO[3])
                                                      0.114     8.063 r  renderer_inst/tmds_reg[4]_i_20/CO[3]
                         net (fo=1, estimated)        0.000     8.063    renderer_inst/tmds_reg[4]_i_20_n_0
    SLICE_X15Y22         CARRY4 (Prop_carry4_CI_CO[3])
                                                      0.114     8.177 r  renderer_inst/tmds_reg[4]_i_15/CO[3]
                         net (fo=1, estimated)        0.000     8.177    renderer_inst/tmds_reg[4]_i_15_n_0
    SLICE_X15Y23         CARRY4 (Prop_carry4_CI_CO[0])
                                                      0.271     8.448 r  renderer_inst/tmds_reg[4]_i_12/CO[0]
                         net (fo=2, estimated)        1.098     9.546    fsm_inst/tally[2]_i_19[0]
    SLICE_X42Y19         LUT6 (Prop_lut6_I0_O)        0.373     9.919 r  fsm_inst/tmds[4]_i_6/O
                         net (fo=10, estimated)       0.495    10.414    vsg/tally[2]_i_14_0
    SLICE_X41Y19         LUT6 (Prop_lut6_I0_O)        0.124    10.538 r  vsg/tally[2]_i_19/O
                         net (fo=1, estimated)        0.421    10.959    vsg/tally[2]_i_19_n_0
    SLICE_X42Y19         LUT6 (Prop_lut6_I1_O)        0.124    11.083 r  vsg/tally[2]_i_14/O
                         net (fo=2, estimated)        0.576    11.659    fsm_inst/tally[2]_i_5__0_0
    SLICE_X43Y18         LUT6 (Prop_lut6_I4_O)        0.124    11.783 r  fsm_inst/tally[2]_i_8__1/O
                         net (fo=2, estimated)        0.428    12.211    fsm_inst/tally[2]_i_8__1_n_0
    SLICE_X42Y17         LUT6 (Prop_lut6_I1_O)        0.124    12.335 r  fsm_inst/tally[2]_i_5__0/O
                         net (fo=17, estimated)       0.364    12.699    vsg/x_nor_0
    SLICE_X44Y17         LUT6 (Prop_lut6_I4_O)        0.124    12.823 r  vsg/tally[4]_i_4/O
                         net (fo=3, estimated)        0.593    13.416    fsm_inst/tally_reg[2]_1
    SLICE_X44Y18         LUT5 (Prop_lut5_I1_O)        0.124    13.540 r  fsm_inst/tally[5]_i_11__1/O
                         net (fo=5, estimated)        0.604    14.144    fsm_inst/tally[5]_i_11__1_n_0
    SLICE_X45Y19         LUT6 (Prop_lut6_I3_O)        0.124    14.268 r  fsm_inst/tally[2]_i_3__1/O
                         net (fo=18, estimated)       0.352    14.620    fsm_inst/top_tmds_bit_0
    SLICE_X43Y19         LUT6 (Prop_lut6_I0_O)        0.124    14.744 r  fsm_inst/tally[5]_i_2__1/O
                         net (fo=2, estimated)        0.829    15.573    fsm_inst/tally[5]_i_2__1_n_0
    SLICE_X45Y19         LUT6 (Prop_lut6_I0_O)        0.124    15.697 r  fsm_inst/tally[5]_i_1__0/O
                         net (fo=1, routed)           0.000    15.697    tmds_blue/D[4]
    SLICE_X45Y19         FDRE                                         r  tmds_blue/tally_reg[5]/D
  -------------------------------------------------------------------    -------------------

                         (clock clk_pixel_cw_hdmi rise edge)
                                                     13.468    13.468 r  
    N15                                               0.000    13.468 r  clk_100mhz (IN)
                         net (fo=0)                   0.000    13.468    wizard_migcam/clk_100mhz
    N15                  IBUF (Prop_ibuf_I_O)         1.370    14.838 r  wizard_migcam/clkin1_ibufg/O
                         net (fo=1, estimated)        1.190    16.029    wizard_migcam/clk_in1_cw_fast
    PLLE2_ADV_X0Y0       PLLE2_ADV (Prop_plle2_adv_CLKIN1_CLKOUT0)
                                                     -7.790     8.239 r  wizard_migcam/plle2_adv_inst/CLKOUT0
                         net (fo=1, estimated)        1.577     9.816    wizard_migcam/clk_100_cw_fast
    BUFGCTRL_X0Y6        BUFG (Prop_bufg_I_O)         0.091     9.907 r  wizard_migcam/clkout1_buf/O
                         net (fo=1, estimated)        1.517    11.424    wizard_hdmi/sysclk
    MMCME2_ADV_X1Y0      MMCME2_ADV (Prop_mmcme2_adv_CLKIN1_CLKOUT0)
                                                     -3.187     8.237 r  wizard_hdmi/mmcm_adv_inst/CLKOUT0
                         net (fo=1, estimated)        1.578     9.815    wizard_hdmi/clk_pixel_cw_hdmi
    BUFGCTRL_X0Y0        BUFG (Prop_bufg_I_O)         0.091     9.906 r  wizard_hdmi/clkout1_buf/O
                         net (fo=4515, estimated)     1.440    11.346    tmds_blue/clk_pixel
    SLICE_X45Y19         FDRE                                         r  tmds_blue/tally_reg[5]/C
                         clock pessimism             -0.508    10.837    
                         clock uncertainty           -0.210    10.628    
    SLICE_X45Y19         FDRE (Setup_fdre_C_D)        0.032    10.660    tmds_blue/tally_reg[5]
  -------------------------------------------------------------------
                         required time                         10.660    
                         arrival time                         -15.697    
  -------------------------------------------------------------------
                         slack                                 -5.038    




