Copyright 1986-2022 Xilinx, Inc. All Rights Reserved. Copyright 2022-2025 Advanced Micro Devices, Inc. All Rights Reserved.
---------------------------------------------------------------------------------------------------------------------------------------------
| Tool Version : Vivado v.2025.1 (lin64) Build 6140274 Wed May 21 22:58:25 MDT 2025
| Date         : Sun Dec  7 19:21:49 2025
| Host         : eecs-digital-08 running 64-bit Ubuntu 24.04.3 LTS
| Command      : report_timing_summary -file obj/post_place_timing_summary.rpt
| Design       : top_level
| Device       : 7s50-csga324
| Speed File   : -1  PRODUCTION 1.23 2018-06-13
| Design State : Physopt postPlace
---------------------------------------------------------------------------------------------------------------------------------------------

Timing Summary Report

------------------------------------------------------------------------------------------------
| Timer Settings
| --------------
------------------------------------------------------------------------------------------------

  Enable Multi Corner Analysis               :  Yes
  Enable Pessimism Removal                   :  Yes
  Pessimism Removal Resolution               :  Nearest Common Node
  Enable Input Delay Default Clock           :  No
  Enable Preset / Clear Arcs                 :  No
  Disable Flight Delays                      :  No
  Ignore I/O Paths                           :  No
  Timing Early Launch at Borrowing Latches   :  No
  Borrow Time for Max Delay Exceptions       :  Yes
  Merge Timing Exceptions                    :  Yes
  Inter-SLR Compensation                     :  Conservative

  Corner  Analyze    Analyze    
  Name    Max Paths  Min Paths  
  ------  ---------  ---------  
  Slow    Yes        Yes        
  Fast    Yes        Yes        


------------------------------------------------------------------------------------------------
| Report Methodology
| ------------------
------------------------------------------------------------------------------------------------

No report available as report_methodology has not been run prior. Run report_methodology on the current design for the summary of methodology violations.



check_timing report

Table of Contents
-----------------
1. checking no_clock (0)
2. checking constant_clock (0)
3. checking pulse_width_clock (0)
4. checking unconstrained_internal_endpoints (0)
5. checking no_input_delay (19)
6. checking no_output_delay (33)
7. checking multiple_clock (0)
8. checking generated_clocks (0)
9. checking loops (0)
10. checking partial_input_delay (0)
11. checking partial_output_delay (0)
12. checking latch_loops (0)

1. checking no_clock (0)
------------------------
 There are 0 register/latch pins with no clock.


2. checking constant_clock (0)
------------------------------
 There are 0 register/latch pins with constant_clock.


3. checking pulse_width_clock (0)
---------------------------------
 There are 0 register/latch pins which need pulse_width check


4. checking unconstrained_internal_endpoints (0)
------------------------------------------------
 There are 0 pins that are not constrained for maximum delay.

 There are 0 pins that are not constrained for maximum delay due to constant clock.


5. checking no_input_delay (19)
-------------------------------
 There are 19 input ports with no input delay specified. (HIGH)

 There are 0 input ports with no input delay but user has a false path constraint.


6. checking no_output_delay (33)
--------------------------------
 There are 33 ports with no output delay specified. (HIGH)

 There are 0 ports with no output delay but user has a false path constraint

 There are 0 ports with no output delay but with a timing clock defined on it or propagating through it


7. checking multiple_clock (0)
------------------------------
 There are 0 register/latch pins with multiple clocks.


8. checking generated_clocks (0)
--------------------------------
 There are 0 generated clocks that are not connected to a clock source.


9. checking loops (0)
---------------------
 There are 0 combinational loops in the design.


10. checking partial_input_delay (0)
------------------------------------
 There are 0 input ports with partial input delay specified.


11. checking partial_output_delay (0)
-------------------------------------
 There are 0 ports with partial output delay specified.


12. checking latch_loops (0)
----------------------------
 There are 0 combinational latch loops in the design through latch input



------------------------------------------------------------------------------------------------
| Design Timing Summary
| ---------------------
------------------------------------------------------------------------------------------------

    WNS(ns)      TNS(ns)  TNS Failing Endpoints  TNS Total Endpoints      WHS(ns)      THS(ns)  THS Failing Endpoints  THS Total Endpoints     WPWS(ns)     TPWS(ns)  TPWS Failing Endpoints  TPWS Total Endpoints  
    -------      -------  ---------------------  -------------------      -------      -------  ---------------------  -------------------     --------     --------  ----------------------  --------------------  
    -15.750     -514.482                     75                16456       -0.656      -16.124                     34                16456        0.538        0.000                       0                  6460  


Timing constraints are not met.


------------------------------------------------------------------------------------------------
| Clock Summary
| -------------
------------------------------------------------------------------------------------------------

Clock                  Waveform(ns)         Period(ns)      Frequency(MHz)
-----                  ------------         ----------      --------------
gclk                   {0.000 4.000}        10.000          100.000         
  clk_100_cw_fast      {0.000 5.000}        10.000          100.000         
    clk_pixel_cw_hdmi  {0.000 6.734}        13.468          74.250          
    clk_tmds_cw_hdmi   {0.000 1.347}        2.694           371.250         
    clkfbout_cw_hdmi   {0.000 25.000}       50.000          20.000          
  clk_camera_cw_fast   {0.000 2.500}        5.000           200.000         
  clk_xc_cw_fast       {0.000 20.000}       40.000          25.000          
  clkfbout_cw_fast     {0.000 5.000}        10.000          100.000         


------------------------------------------------------------------------------------------------
| Intra Clock Table
| -----------------
------------------------------------------------------------------------------------------------

Clock                      WNS(ns)      TNS(ns)  TNS Failing Endpoints  TNS Total Endpoints      WHS(ns)      THS(ns)  THS Failing Endpoints  THS Total Endpoints     WPWS(ns)     TPWS(ns)  TPWS Failing Endpoints  TPWS Total Endpoints  
-----                      -------      -------  ---------------------  -------------------      -------      -------  ---------------------  -------------------     --------     --------  ----------------------  --------------------  
gclk                                                                                                                                                                     2.000        0.000                       0                     1  
  clk_100_cw_fast                                                                                                                                                        3.000        0.000                       0                     3  
    clk_pixel_cw_hdmi      -15.750     -468.326                     47                15696       -0.054       -0.098                      3                15696        5.754        0.000                       0                  6129  
    clk_tmds_cw_hdmi                                                                                                                                                     0.538        0.000                       0                     8  
    clkfbout_cw_hdmi                                                                                                                                                    47.845        0.000                       0                     3  
  clk_camera_cw_fast         0.521        0.000                      0                  732       -0.064       -0.100                      3                  732        2.000        0.000                       0                   311  
  clk_xc_cw_fast                                                                                                                                                        37.845        0.000                       0                     2  
  clkfbout_cw_fast                                                                                                                                                       7.845        0.000                       0                     3  


------------------------------------------------------------------------------------------------
| Inter Clock Table
| -----------------
------------------------------------------------------------------------------------------------

From Clock          To Clock                WNS(ns)      TNS(ns)  TNS Failing Endpoints  TNS Total Endpoints      WHS(ns)      THS(ns)  THS Failing Endpoints  THS Total Endpoints  
----------          --------                -------      -------  ---------------------  -------------------      -------      -------  ---------------------  -------------------  
clk_camera_cw_fast  clk_pixel_cw_hdmi        -1.845      -23.655                     14                   14       -0.628       -7.807                     14                   14  
clk_pixel_cw_hdmi   clk_camera_cw_fast       -1.735      -22.501                     14                   14       -0.656       -8.119                     14                   14  


------------------------------------------------------------------------------------------------
| Other Path Groups Table
| -----------------------
------------------------------------------------------------------------------------------------

Path Group    From Clock    To Clock          WNS(ns)      TNS(ns)  TNS Failing Endpoints  TNS Total Endpoints      WHS(ns)      THS(ns)  THS Failing Endpoints  THS Total Endpoints  
----------    ----------    --------          -------      -------  ---------------------  -------------------      -------      -------  ---------------------  -------------------  


------------------------------------------------------------------------------------------------
| Timing Details
| --------------
------------------------------------------------------------------------------------------------


---------------------------------------------------------------------------------------------------
From Clock:  gclk
  To Clock:  gclk

Setup :           NA  Failing Endpoints,  Worst Slack           NA  ,  Total Violation           NA
Hold  :           NA  Failing Endpoints,  Worst Slack           NA  ,  Total Violation           NA
PW    :            0  Failing Endpoints,  Worst Slack        2.000ns,  Total Violation        0.000ns
---------------------------------------------------------------------------------------------------


Pulse Width Checks
--------------------------------------------------------------------------------------
Clock Name:         gclk
Waveform(ns):       { 0.000 4.000 }
Period(ns):         10.000
Sources:            { clk_100mhz }

Check Type        Corner  Lib Pin           Reference Pin  Required(ns)  Actual(ns)  Slack(ns)  Location        Pin
Min Period        n/a     PLLE2_ADV/CLKIN1  n/a            1.249         10.000      8.751      PLLE2_ADV_X0Y0  wizard_migcam/plle2_adv_inst/CLKIN1
Max Period        n/a     PLLE2_ADV/CLKIN1  n/a            52.633        10.000      42.633     PLLE2_ADV_X0Y0  wizard_migcam/plle2_adv_inst/CLKIN1
Low Pulse Width   Slow    PLLE2_ADV/CLKIN1  n/a            2.000         6.000       4.000      PLLE2_ADV_X0Y0  wizard_migcam/plle2_adv_inst/CLKIN1
High Pulse Width  Slow    PLLE2_ADV/CLKIN1  n/a            2.000         4.000       2.000      PLLE2_ADV_X0Y0  wizard_migcam/plle2_adv_inst/CLKIN1



---------------------------------------------------------------------------------------------------
From Clock:  clk_100_cw_fast
  To Clock:  clk_100_cw_fast

Setup :           NA  Failing Endpoints,  Worst Slack           NA  ,  Total Violation           NA
Hold  :           NA  Failing Endpoints,  Worst Slack           NA  ,  Total Violation           NA
PW    :            0  Failing Endpoints,  Worst Slack        3.000ns,  Total Violation        0.000ns
---------------------------------------------------------------------------------------------------


Pulse Width Checks
--------------------------------------------------------------------------------------
Clock Name:         clk_100_cw_fast
Waveform(ns):       { 0.000 5.000 }
Period(ns):         10.000
Sources:            { wizard_migcam/plle2_adv_inst/CLKOUT0 }

Check Type        Corner  Lib Pin            Reference Pin  Required(ns)  Actual(ns)  Slack(ns)  Location         Pin
Min Period        n/a     BUFG/I             n/a            2.155         10.000      7.845      BUFGCTRL_X0Y6    wizard_migcam/clkout1_buf/I
Max Period        n/a     MMCME2_ADV/CLKIN1  n/a            100.000       10.000      90.000     MMCME2_ADV_X1Y0  wizard_hdmi/mmcm_adv_inst/CLKIN1
Low Pulse Width   Slow    MMCME2_ADV/CLKIN1  n/a            2.000         5.000       3.000      MMCME2_ADV_X1Y0  wizard_hdmi/mmcm_adv_inst/CLKIN1
High Pulse Width  Slow    MMCME2_ADV/CLKIN1  n/a            2.000         5.000       3.000      MMCME2_ADV_X1Y0  wizard_hdmi/mmcm_adv_inst/CLKIN1



---------------------------------------------------------------------------------------------------
From Clock:  clk_pixel_cw_hdmi
  To Clock:  clk_pixel_cw_hdmi

Setup :           47  Failing Endpoints,  Worst Slack      -15.750ns,  Total Violation     -468.326ns
Hold  :            3  Failing Endpoints,  Worst Slack       -0.054ns,  Total Violation       -0.098ns
PW    :            0  Failing Endpoints,  Worst Slack        5.754ns,  Total Violation        0.000ns
---------------------------------------------------------------------------------------------------


Max Delay Paths
--------------------------------------------------------------------------------------
Slack (VIOLATED) :        -15.750ns  (required time - arrival time)
  Source:                 y_com1_reg[1]/C
                            (rising edge-triggered cell FDRE clocked by clk_pixel_cw_hdmi  {rise@0.000ns fall@6.734ns period=13.468ns})
  Destination:            checker_inst/p1_ok_reg/D
                            (rising edge-triggered cell FDSE clocked by clk_pixel_cw_hdmi  {rise@0.000ns fall@6.734ns period=13.468ns})
  Path Group:             clk_pixel_cw_hdmi
  Path Type:              Setup (Max at Slow Process Corner)
  Requirement:            13.468ns  (clk_pixel_cw_hdmi rise@13.468ns - clk_pixel_cw_hdmi rise@0.000ns)
  Data Path Delay:        28.927ns  (logic 17.257ns (59.657%)  route 11.670ns (40.343%))
  Logic Levels:           38  (CARRY4=23 DSP48E1=2 LUT2=4 LUT3=1 LUT4=5 LUT6=3)
  Clock Path Skew:        -0.112ns (DCD - SCD + CPR)
    Destination Clock Delay (DCD):    -2.145ns = ( 11.323 - 13.468 ) 
    Source Clock Delay      (SCD):    -2.541ns
    Clock Pessimism Removal (CPR):    -0.507ns
  Clock Uncertainty:      0.210ns  ((TSJ^2 + DJ^2)^1/2) / 2 + PE
    Total System Jitter     (TSJ):    0.071ns
    Discrete Jitter          (DJ):    0.414ns
    Phase Error              (PE):    0.000ns

    Location             Delay type                Incr(ns)  Path(ns)    Netlist Resource(s)
  -------------------------------------------------------------------    -------------------
                         (clock clk_pixel_cw_hdmi rise edge)
                                                      0.000     0.000 r  
    N15                                               0.000     0.000 r  clk_100mhz (IN)
                         net (fo=0)                   0.000     0.000    wizard_migcam/clk_100mhz
    N15                  IBUF (Prop_ibuf_I_O)         1.440     1.440 r  wizard_migcam/clkin1_ibufg/O
                         net (fo=1, estimated)        1.253     2.693    wizard_migcam/clk_in1_cw_fast
    PLLE2_ADV_X0Y0       PLLE2_ADV (Prop_plle2_adv_CLKIN1_CLKOUT0)
                                                     -8.525    -5.832 r  wizard_migcam/plle2_adv_inst/CLKOUT0
                         net (fo=1, estimated)        1.660    -4.172    wizard_migcam/clk_100_cw_fast
    BUFGCTRL_X0Y6        BUFG (Prop_bufg_I_O)         0.096    -4.076 r  wizard_migcam/clkout1_buf/O
                         net (fo=1, estimated)        1.634    -2.442    wizard_hdmi/sysclk
    MMCME2_ADV_X1Y0      MMCME2_ADV (Prop_mmcme2_adv_CLKIN1_CLKOUT0)
                                                     -3.393    -5.835 r  wizard_hdmi/mmcm_adv_inst/CLKOUT0
                         net (fo=1, estimated)        1.661    -4.174    wizard_hdmi/clk_pixel_cw_hdmi
    BUFGCTRL_X0Y0        BUFG (Prop_bufg_I_O)         0.096    -4.078 r  wizard_hdmi/clkout1_buf/O
                         net (fo=6128, estimated)     1.537    -2.541    clk_pixel
    SLICE_X39Y71         FDRE                                         r  y_com1_reg[1]/C
  -------------------------------------------------------------------    -------------------
    SLICE_X39Y71         FDRE (Prop_fdre_C_Q)         0.456    -2.085 r  y_com1_reg[1]/Q
                         net (fo=5, estimated)        0.610    -1.475    checker_inst/Q[1]
    SLICE_X37Y72         LUT2 (Prop_lut2_I0_O)        0.124    -1.351 r  checker_inst/p1_ok3__0_i_134/O
                         net (fo=1, routed)           0.000    -1.351    checker_inst/p1_ok3__0_i_134_n_0
    SLICE_X37Y72         CARRY4 (Prop_carry4_S[0]_CO[3])
                                                      0.532    -0.819 r  checker_inst/p1_ok3__0_i_107/CO[3]
                         net (fo=1, estimated)        0.000    -0.819    checker_inst/p1_ok3__0_i_107_n_0
    SLICE_X37Y73         CARRY4 (Prop_carry4_CI_O[1])
                                                      0.334    -0.485 r  checker_inst/p1_ok3__0_i_104/O[1]
                         net (fo=44, estimated)       0.691     0.206    checker_inst/p1_ok3__0_i_104_n_6
    SLICE_X36Y73         CARRY4 (Prop_carry4_S[0]_CO[3])
                                                      0.835     1.041 r  checker_inst/p1_ok3__0_i_129/CO[3]
                         net (fo=1, estimated)        0.000     1.041    checker_inst/p1_ok3__0_i_129_n_0
    SLICE_X36Y74         CARRY4 (Prop_carry4_CI_O[2])
                                                      0.239     1.280 r  checker_inst/p1_ok3__0_i_106/O[2]
                         net (fo=119, estimated)      0.969     2.249    checker_inst/p1_ok3__0_i_106_n_5
    SLICE_X36Y70         LUT4 (Prop_lut4_I3_O)        0.302     2.551 r  checker_inst/p1_ok3__0_i_125/O
                         net (fo=1, routed)           0.000     2.551    checker_inst/p1_ok3__0_i_125_n_0
    SLICE_X36Y70         CARRY4 (Prop_carry4_S[3]_CO[3])
                                                      0.401     2.952 f  checker_inst/p1_ok3__0_i_105/CO[3]
                         net (fo=118, estimated)      0.427     3.379    checker_inst/p1_ok3__0_i_105_n_0
    SLICE_X34Y70         LUT4 (Prop_lut4_I3_O)        0.124     3.503 r  checker_inst/p1_ok_i_63/O
                         net (fo=14, estimated)       0.341     3.844    checker_inst/p1_ok_i_63_n_0
    SLICE_X35Y71         LUT4 (Prop_lut4_I2_O)        0.124     3.968 r  checker_inst/p1_ok3__25_i_96/O
                         net (fo=2, estimated)        0.677     4.645    checker_inst/p1_ok3__25_i_96_n_0
    SLICE_X30Y66         CARRY4 (Prop_carry4_DI[1]_CO[3])
                                                      0.520     5.165 r  checker_inst/p1_ok3__25_i_79/CO[3]
                         net (fo=1, estimated)        0.000     5.165    checker_inst/p1_ok3__25_i_79_n_0
    SLICE_X30Y67         CARRY4 (Prop_carry4_CI_O[1])
                                                      0.323     5.488 r  checker_inst/p1_ok3__25_i_77/O[1]
                         net (fo=4, estimated)        0.825     6.313    checker_inst/closest_y2[8]
    SLICE_X13Y66         CARRY4 (Prop_carry4_S[3]_CO[3])
                                                      0.707     7.020 r  checker_inst/p1_ok3__25_i_78/CO[3]
                         net (fo=1, estimated)        0.000     7.020    checker_inst/p1_ok3__25_i_78_n_0
    SLICE_X13Y67         CARRY4 (Prop_carry4_CI_O[1])
                                                      0.334     7.354 f  checker_inst/p1_ok3__25_i_76/O[1]
                         net (fo=3, estimated)        0.729     8.083    checker_inst/closest_y20_out[10]
    SLICE_X10Y64         LUT2 (Prop_lut2_I1_O)        0.303     8.386 r  checker_inst/p1_ok3__25_i_120/O
                         net (fo=1, routed)           0.000     8.386    checker_inst/p1_ok3__25_i_120_n_0
    SLICE_X10Y64         CARRY4 (Prop_carry4_S[1]_CO[3])
                                                      0.533     8.919 r  checker_inst/p1_ok3__25_i_106/CO[3]
                         net (fo=1, estimated)        0.000     8.919    checker_inst/p1_ok3__25_i_106_n_0
    SLICE_X10Y65         CARRY4 (Prop_carry4_CI_CO[3])
                                                      0.117     9.036 r  checker_inst/p1_ok3__25_i_87/CO[3]
                         net (fo=1, estimated)        0.000     9.036    checker_inst/p1_ok3__25_i_87_n_0
    SLICE_X10Y66         CARRY4 (Prop_carry4_CI_CO[3])
                                                      0.117     9.153 f  checker_inst/p1_ok3__25_i_74/CO[3]
                         net (fo=56, estimated)       0.637     9.790    checker_inst/closest_y1
    SLICE_X11Y65         LUT4 (Prop_lut4_I2_O)        0.124     9.914 r  checker_inst/p1_ok3__25_i_39/O
                         net (fo=1, routed)           0.000     9.914    checker_inst/p1_ok3__25_i_39_n_0
    SLICE_X11Y65         CARRY4 (Prop_carry4_S[1]_CO[3])
                                                      0.550    10.464 r  checker_inst/p1_ok3__25_i_4/CO[3]
                         net (fo=1, estimated)        0.000    10.464    checker_inst/p1_ok3__25_i_4_n_0
    SLICE_X11Y66         CARRY4 (Prop_carry4_CI_CO[3])
                                                      0.114    10.578 r  checker_inst/p1_ok3__25_i_3/CO[3]
                         net (fo=1, estimated)        0.000    10.578    checker_inst/p1_ok3__25_i_3_n_0
    SLICE_X11Y67         CARRY4 (Prop_carry4_CI_CO[3])
                                                      0.114    10.692 r  checker_inst/p1_ok3__25_i_2/CO[3]
                         net (fo=1, estimated)        0.000    10.692    checker_inst/p1_ok3__25_i_2_n_0
    SLICE_X11Y68         CARRY4 (Prop_carry4_CI_CO[3])
                                                      0.114    10.806 r  checker_inst/p1_ok3__25_i_1/CO[3]
                         net (fo=1, estimated)        0.000    10.806    checker_inst/p1_ok3__25_i_1_n_0
    SLICE_X11Y69         CARRY4 (Prop_carry4_CI_O[0])
                                                      0.222    11.028 r  checker_inst/p1_ok3__25_i_8/O[0]
                         net (fo=2, estimated)        0.575    11.603    checker_inst/p1_ok420_out[16]
    DSP48_X0Y27          DSP48E1 (Prop_dsp48e1_A[16]_PCOUT[47])
                                                      4.211    15.814 r  checker_inst/p1_ok3__26/PCOUT[47]
                         net (fo=1, estimated)        0.000    15.814    checker_inst/p1_ok3__26_n_106
    DSP48_X0Y28          DSP48E1 (Prop_dsp48e1_PCIN[47]_P[0])
                                                      1.518    17.332 r  checker_inst/p1_ok3__27/P[0]
                         net (fo=2, estimated)        0.875    18.207    checker_inst/p1_ok3__27_n_105
    SLICE_X7Y70          LUT2 (Prop_lut2_I0_O)        0.124    18.331 r  checker_inst/p1_ok_i_5305/O
                         net (fo=1, routed)           0.000    18.331    checker_inst/p1_ok_i_5305_n_0
    SLICE_X7Y70          CARRY4 (Prop_carry4_S[1]_CO[3])
                                                      0.550    18.881 r  checker_inst/p1_ok_reg_i_2988/CO[3]
                         net (fo=1, estimated)        0.000    18.881    checker_inst/p1_ok_reg_i_2988_n_0
    SLICE_X7Y71          CARRY4 (Prop_carry4_CI_CO[3])
                                                      0.114    18.995 r  checker_inst/p1_ok_reg_i_1492/CO[3]
                         net (fo=1, estimated)        0.000    18.995    checker_inst/p1_ok_reg_i_1492_n_0
    SLICE_X7Y72          CARRY4 (Prop_carry4_CI_O[0])
                                                      0.222    19.217 r  checker_inst/p1_ok_reg_i_635/O[0]
                         net (fo=10, estimated)       1.147    20.364    checker_inst/p1_ok_reg_i_635_n_7
    SLICE_X7Y68          LUT3 (Prop_lut3_I1_O)        0.325    20.689 r  checker_inst/p1_ok_i_2607/O
                         net (fo=2, estimated)        0.472    21.161    checker_inst/p1_ok_i_2607_n_0
    SLICE_X7Y68          LUT4 (Prop_lut4_I3_O)        0.326    21.487 r  checker_inst/p1_ok_i_2611/O
                         net (fo=1, routed)           0.000    21.487    checker_inst/p1_ok_i_2611_n_0
    SLICE_X7Y68          CARRY4 (Prop_carry4_S[1]_CO[3])
                                                      0.550    22.037 r  checker_inst/p1_ok_reg_i_1263/CO[3]
                         net (fo=1, estimated)        0.000    22.037    checker_inst/p1_ok_reg_i_1263_n_0
    SLICE_X7Y69          CARRY4 (Prop_carry4_CI_O[0])
                                                      0.223    22.260 f  checker_inst/p1_ok_reg_i_521/O[0]
                         net (fo=1, estimated)        0.924    23.184    checker_inst/p1_ok_reg_i_521_n_7
    SLICE_X8Y66          LUT2 (Prop_lut2_I0_O)        0.299    23.483 r  checker_inst/p1_ok_i_523/O
                         net (fo=1, routed)           0.000    23.483    checker_inst/p1_ok_i_523_n_0
    SLICE_X8Y66          CARRY4 (Prop_carry4_S[1]_CO[2])
                                                      0.574    24.057 f  checker_inst/p1_ok_reg_i_179/CO[2]
                         net (fo=1, estimated)        1.155    25.212    path_left/p1_ok_reg_i_179_n_1_alias
    SLICE_X33Y72         LUT6 (Prop_lut6_I4_O)        0.310    25.522 r  path_left/p1_ok_i_18_comp/O
                         net (fo=1, estimated)        0.267    25.789    path_left/p1_ok_i_18_n_0
    SLICE_X33Y72         LUT6 (Prop_lut6_I0_O)        0.124    25.913 r  path_left/p1_ok_i_4/O
                         net (fo=1, estimated)        0.349    26.262    checker_inst/p1_ok_reg_2
    SLICE_X32Y72         LUT6 (Prop_lut6_I2_O)        0.124    26.386 r  checker_inst/p1_ok_i_1_comp/O
                         net (fo=1, routed)           0.000    26.386    checker_inst/p1_ok_i_1_n_0
    SLICE_X32Y72         FDSE                                         r  checker_inst/p1_ok_reg/D
  -------------------------------------------------------------------    -------------------

                         (clock clk_pixel_cw_hdmi rise edge)
                                                     13.468    13.468 r  
    N15                                               0.000    13.468 r  clk_100mhz (IN)
                         net (fo=0)                   0.000    13.468    wizard_migcam/clk_100mhz
    N15                  IBUF (Prop_ibuf_I_O)         1.370    14.838 r  wizard_migcam/clkin1_ibufg/O
                         net (fo=1, estimated)        1.190    16.029    wizard_migcam/clk_in1_cw_fast
    PLLE2_ADV_X0Y0       PLLE2_ADV (Prop_plle2_adv_CLKIN1_CLKOUT0)
                                                     -7.790     8.239 r  wizard_migcam/plle2_adv_inst/CLKOUT0
                         net (fo=1, estimated)        1.577     9.816    wizard_migcam/clk_100_cw_fast
    BUFGCTRL_X0Y6        BUFG (Prop_bufg_I_O)         0.091     9.907 r  wizard_migcam/clkout1_buf/O
                         net (fo=1, estimated)        1.517    11.424    wizard_hdmi/sysclk
    MMCME2_ADV_X1Y0      MMCME2_ADV (Prop_mmcme2_adv_CLKIN1_CLKOUT0)
                                                     -3.187     8.237 r  wizard_hdmi/mmcm_adv_inst/CLKOUT0
                         net (fo=1, estimated)        1.578     9.815    wizard_hdmi/clk_pixel_cw_hdmi
    BUFGCTRL_X0Y0        BUFG (Prop_bufg_I_O)         0.091     9.906 r  wizard_hdmi/clkout1_buf/O
                         net (fo=6128, estimated)     1.417    11.323    checker_inst/clk_pixel
    SLICE_X32Y72         FDSE                                         r  checker_inst/p1_ok_reg/C
                         clock pessimism             -0.507    10.815    
                         clock uncertainty           -0.210    10.606    
    SLICE_X32Y72         FDSE (Setup_fdse_C_D)        0.031    10.637    checker_inst/p1_ok_reg
  -------------------------------------------------------------------
                         required time                         10.637    
                         arrival time                         -26.386    
  -------------------------------------------------------------------
                         slack                                -15.750    





Min Delay Paths
--------------------------------------------------------------------------------------
Slack (VIOLATED) :        -0.054ns  (arrival time - required time)
  Source:                 red_ser/pwup_rst_reg/C
                            (rising edge-triggered cell FDRE clocked by clk_pixel_cw_hdmi  {rise@0.000ns fall@6.734ns period=13.468ns})
  Destination:            green_ser/primary/RST
                            (rising edge-triggered cell OSERDESE2 clocked by clk_pixel_cw_hdmi  {rise@0.000ns fall@6.734ns period=13.468ns})
  Path Group:             clk_pixel_cw_hdmi
  Path Type:              Hold (Min at Fast Process Corner)
  Requirement:            0.000ns  (clk_pixel_cw_hdmi rise@0.000ns - clk_pixel_cw_hdmi rise@0.000ns)
  Data Path Delay:        0.683ns  (logic 0.186ns (27.251%)  route 0.497ns (72.749%))
  Logic Levels:           1  (LUT2=1)
  Clock Path Skew:        0.178ns (DCD - SCD - CPR)
    Destination Clock Delay (DCD):    -0.160ns
    Source Clock Delay      (SCD):    -0.515ns
    Clock Pessimism Removal (CPR):    0.177ns

    Location             Delay type                Incr(ns)  Path(ns)    Netlist Resource(s)
  -------------------------------------------------------------------    -------------------
                         (clock clk_pixel_cw_hdmi rise edge)
                                                      0.000     0.000 r  
    N15                                               0.000     0.000 r  clk_100mhz (IN)
                         net (fo=0)                   0.000     0.000    wizard_migcam/clk_100mhz
    N15                  IBUF (Prop_ibuf_I_O)         0.209     0.209 r  wizard_migcam/clkin1_ibufg/O
                         net (fo=1, estimated)        0.528     0.737    wizard_migcam/clk_in1_cw_fast
    PLLE2_ADV_X0Y0       PLLE2_ADV (Prop_plle2_adv_CLKIN1_CLKOUT0)
                                                     -2.564    -1.827 r  wizard_migcam/plle2_adv_inst/CLKOUT0
                         net (fo=1, estimated)        0.700    -1.127    wizard_migcam/clk_100_cw_fast
    BUFGCTRL_X0Y6        BUFG (Prop_bufg_I_O)         0.026    -1.101 r  wizard_migcam/clkout1_buf/O
                         net (fo=1, estimated)        0.595    -0.506    wizard_hdmi/sysclk
    MMCME2_ADV_X1Y0      MMCME2_ADV (Prop_mmcme2_adv_CLKIN1_CLKOUT0)
                                                     -1.321    -1.827 r  wizard_hdmi/mmcm_adv_inst/CLKOUT0
                         net (fo=1, estimated)        0.700    -1.127    wizard_hdmi/clk_pixel_cw_hdmi
    BUFGCTRL_X0Y0        BUFG (Prop_bufg_I_O)         0.026    -1.101 r  wizard_hdmi/clkout1_buf/O
                         net (fo=6128, estimated)     0.586    -0.515    red_ser/clk_pixel
    SLICE_X3Y22          FDRE                                         r  red_ser/pwup_rst_reg/C
  -------------------------------------------------------------------    -------------------
    SLICE_X3Y22          FDRE (Prop_fdre_C_Q)         0.141    -0.374 r  red_ser/pwup_rst_reg/Q
                         net (fo=1, estimated)        0.250    -0.124    red_ser/blue_ser/pwup_rst
    SLICE_X3Y22          LUT2 (Prop_lut2_I1_O)        0.045    -0.079 r  red_ser/primary_i_1/O
                         net (fo=6, estimated)        0.247     0.167    green_ser/RST0
    OLOGIC_X0Y22         OSERDESE2                                    r  green_ser/primary/RST
  -------------------------------------------------------------------    -------------------

                         (clock clk_pixel_cw_hdmi rise edge)
                                                      0.000     0.000 r  
    N15                                               0.000     0.000 r  clk_100mhz (IN)
                         net (fo=0)                   0.000     0.000    wizard_migcam/clk_100mhz
    N15                  IBUF (Prop_ibuf_I_O)         0.396     0.396 r  wizard_migcam/clkin1_ibufg/O
                         net (fo=1, estimated)        0.556     0.952    wizard_migcam/clk_in1_cw_fast
    PLLE2_ADV_X0Y0       PLLE2_ADV (Prop_plle2_adv_CLKIN1_CLKOUT0)
                                                     -2.875    -1.923 r  wizard_migcam/plle2_adv_inst/CLKOUT0
                         net (fo=1, estimated)        0.737    -1.186    wizard_migcam/clk_100_cw_fast
    BUFGCTRL_X0Y6        BUFG (Prop_bufg_I_O)         0.029    -1.157 r  wizard_migcam/clkout1_buf/O
                         net (fo=1, estimated)        0.864    -0.293    wizard_hdmi/sysclk
    MMCME2_ADV_X1Y0      MMCME2_ADV (Prop_mmcme2_adv_CLKIN1_CLKOUT0)
                                                     -1.631    -1.924 r  wizard_hdmi/mmcm_adv_inst/CLKOUT0
                         net (fo=1, estimated)        0.737    -1.187    wizard_hdmi/clk_pixel_cw_hdmi
    BUFGCTRL_X0Y0        BUFG (Prop_bufg_I_O)         0.029    -1.158 r  wizard_hdmi/clkout1_buf/O
                         net (fo=6128, estimated)     0.998    -0.160    green_ser/clk_pixel
    OLOGIC_X0Y22         OSERDESE2                                    r  green_ser/primary/CLKDIV
                         clock pessimism             -0.177    -0.337    
    OLOGIC_X0Y22         OSERDESE2 (Hold_oserdese2_CLKDIV_RST)
                                                      0.559     0.222    green_ser/primary
  -------------------------------------------------------------------
                         required time                         -0.222    
                         arrival time                           0.167    
  -------------------------------------------------------------------
                         slack                                 -0.054    





Pulse Width Checks
--------------------------------------------------------------------------------------
Clock Name:         clk_pixel_cw_hdmi
Waveform(ns):       { 0.000 6.734 }
Period(ns):         13.468
Sources:            { wizard_hdmi/mmcm_adv_inst/CLKOUT0 }

Check Type        Corner  Lib Pin             Reference Pin  Required(ns)  Actual(ns)  Slack(ns)  Location         Pin
Min Period        n/a     DSP48E1/CLK         n/a            3.884         13.468      9.584      DSP48_X1Y10      addra_reg/CLK
Max Period        n/a     MMCME2_ADV/CLKOUT0  n/a            213.360       13.468      199.892    MMCME2_ADV_X1Y0  wizard_hdmi/mmcm_adv_inst/CLKOUT0
Low Pulse Width   Slow    SRL16E/CLK          n/a            0.980         6.734       5.754      SLICE_X56Y59     active_d2_reg_srl2___active_d2_reg_r/CLK
High Pulse Width  Slow    SRL16E/CLK          n/a            0.980         6.734       5.754      SLICE_X56Y59     active_d2_reg_srl2___active_d2_reg_r/CLK



---------------------------------------------------------------------------------------------------
From Clock:  clk_tmds_cw_hdmi
  To Clock:  clk_tmds_cw_hdmi

Setup :           NA  Failing Endpoints,  Worst Slack           NA  ,  Total Violation           NA
Hold  :           NA  Failing Endpoints,  Worst Slack           NA  ,  Total Violation           NA
PW    :            0  Failing Endpoints,  Worst Slack        0.538ns,  Total Violation        0.000ns
---------------------------------------------------------------------------------------------------


Pulse Width Checks
--------------------------------------------------------------------------------------
Clock Name:         clk_tmds_cw_hdmi
Waveform(ns):       { 0.000 1.347 }
Period(ns):         2.694
Sources:            { wizard_hdmi/mmcm_adv_inst/CLKOUT1 }

Check Type  Corner  Lib Pin             Reference Pin  Required(ns)  Actual(ns)  Slack(ns)  Location         Pin
Min Period  n/a     BUFG/I              n/a            2.155         2.694       0.538      BUFGCTRL_X0Y1    wizard_hdmi/clkout2_buf/I
Max Period  n/a     MMCME2_ADV/CLKOUT1  n/a            213.360       2.694       210.666    MMCME2_ADV_X1Y0  wizard_hdmi/mmcm_adv_inst/CLKOUT1



---------------------------------------------------------------------------------------------------
From Clock:  clkfbout_cw_hdmi
  To Clock:  clkfbout_cw_hdmi

Setup :           NA  Failing Endpoints,  Worst Slack           NA  ,  Total Violation           NA
Hold  :           NA  Failing Endpoints,  Worst Slack           NA  ,  Total Violation           NA
PW    :            0  Failing Endpoints,  Worst Slack       47.845ns,  Total Violation        0.000ns
---------------------------------------------------------------------------------------------------


Pulse Width Checks
--------------------------------------------------------------------------------------
Clock Name:         clkfbout_cw_hdmi
Waveform(ns):       { 0.000 25.000 }
Period(ns):         50.000
Sources:            { wizard_hdmi/mmcm_adv_inst/CLKFBOUT }

Check Type  Corner  Lib Pin             Reference Pin  Required(ns)  Actual(ns)  Slack(ns)  Location         Pin
Min Period  n/a     BUFG/I              n/a            2.155         50.000      47.845     BUFGCTRL_X0Y4    wizard_hdmi/clkf_buf/I
Max Period  n/a     MMCME2_ADV/CLKFBIN  n/a            100.000       50.000      50.000     MMCME2_ADV_X1Y0  wizard_hdmi/mmcm_adv_inst/CLKFBIN



---------------------------------------------------------------------------------------------------
From Clock:  clk_camera_cw_fast
  To Clock:  clk_camera_cw_fast

Setup :            0  Failing Endpoints,  Worst Slack        0.521ns,  Total Violation        0.000ns
Hold  :            3  Failing Endpoints,  Worst Slack       -0.064ns,  Total Violation       -0.100ns
PW    :            0  Failing Endpoints,  Worst Slack        2.000ns,  Total Violation        0.000ns
---------------------------------------------------------------------------------------------------


Max Delay Paths
--------------------------------------------------------------------------------------
Slack (MET) :             0.521ns  (required time - arrival time)
  Source:                 crw/sccb_c/FSM_sequential_phy_state_reg_reg[2]/C
                            (rising edge-triggered cell FDRE clocked by clk_camera_cw_fast  {rise@0.000ns fall@2.500ns period=5.000ns})
  Destination:            crw/sccb_c/mode_stop_reg_reg/D
                            (rising edge-triggered cell FDRE clocked by clk_camera_cw_fast  {rise@0.000ns fall@2.500ns period=5.000ns})
  Path Group:             clk_camera_cw_fast
  Path Type:              Setup (Max at Slow Process Corner)
  Requirement:            5.000ns  (clk_camera_cw_fast rise@5.000ns - clk_camera_cw_fast rise@0.000ns)
  Data Path Delay:        4.064ns  (logic 0.916ns (22.539%)  route 3.148ns (77.461%))
  Logic Levels:           3  (LUT2=1 LUT3=1 LUT6=1)
  Clock Path Skew:        -0.021ns (DCD - SCD + CPR)
    Destination Clock Delay (DCD):    -2.070ns = ( 2.930 - 5.000 ) 
    Source Clock Delay      (SCD):    -2.470ns
    Clock Pessimism Removal (CPR):    -0.420ns
  Clock Uncertainty:      0.067ns  ((TSJ^2 + DJ^2)^1/2) / 2 + PE
    Total System Jitter     (TSJ):    0.071ns
    Discrete Jitter          (DJ):    0.113ns
    Phase Error              (PE):    0.000ns

    Location             Delay type                Incr(ns)  Path(ns)    Netlist Resource(s)
  -------------------------------------------------------------------    -------------------
                         (clock clk_camera_cw_fast rise edge)
                                                      0.000     0.000 r  
    N15                                               0.000     0.000 r  clk_100mhz (IN)
                         net (fo=0)                   0.000     0.000    wizard_migcam/clk_100mhz
    N15                  IBUF (Prop_ibuf_I_O)         1.440     1.440 r  wizard_migcam/clkin1_ibufg/O
                         net (fo=1, estimated)        1.253     2.693    wizard_migcam/clk_in1_cw_fast
    PLLE2_ADV_X0Y0       PLLE2_ADV (Prop_plle2_adv_CLKIN1_CLKOUT2)
                                                     -8.525    -5.832 r  wizard_migcam/plle2_adv_inst/CLKOUT2
                         net (fo=1, estimated)        1.660    -4.172    wizard_migcam/clk_camera_cw_fast
    BUFGCTRL_X0Y3        BUFG (Prop_bufg_I_O)         0.096    -4.076 r  wizard_migcam/clkout3_buf/O
                         net (fo=309, estimated)      1.606    -2.470    crw/sccb_c/CLK
    SLICE_X2Y72          FDRE                                         r  crw/sccb_c/FSM_sequential_phy_state_reg_reg[2]/C
  -------------------------------------------------------------------    -------------------
    SLICE_X2Y72          FDRE (Prop_fdre_C_Q)         0.518    -1.952 f  crw/sccb_c/FSM_sequential_phy_state_reg_reg[2]/Q
                         net (fo=21, estimated)       0.925    -1.027    crw/sccb_c/phy_state_reg[2]
    SLICE_X0Y76          LUT2 (Prop_lut2_I0_O)        0.124    -0.903 f  crw/sccb_c/addr_reg[5]_i_3/O
                         net (fo=1, estimated)        0.563    -0.340    crw/sccb_c/addr_reg[5]_i_3_n_0
    SLICE_X0Y74          LUT6 (Prop_lut6_I0_O)        0.124    -0.216 r  crw/sccb_c/addr_reg[5]_i_2/O
                         net (fo=2, estimated)        0.947     0.731    crw/sccb_c/addr_reg[5]_i_2_n_0
    SLICE_X2Y72          LUT3 (Prop_lut3_I1_O)        0.150     0.881 r  crw/sccb_c/mode_stop_reg_i_1/O
                         net (fo=1, estimated)        0.713     1.594    crw/sccb_c/mode_stop_reg_i_1_n_0
    SLICE_X1Y72          FDRE                                         r  crw/sccb_c/mode_stop_reg_reg/D
  -------------------------------------------------------------------    -------------------

                         (clock clk_camera_cw_fast rise edge)
                                                      5.000     5.000 r  
    N15                                               0.000     5.000 r  clk_100mhz (IN)
                         net (fo=0)                   0.000     5.000    wizard_migcam/clk_100mhz
    N15                  IBUF (Prop_ibuf_I_O)         1.370     6.370 r  wizard_migcam/clkin1_ibufg/O
                         net (fo=1, estimated)        1.190     7.561    wizard_migcam/clk_in1_cw_fast
    PLLE2_ADV_X0Y0       PLLE2_ADV (Prop_plle2_adv_CLKIN1_CLKOUT2)
                                                     -7.790    -0.229 r  wizard_migcam/plle2_adv_inst/CLKOUT2
                         net (fo=1, estimated)        1.577     1.348    wizard_migcam/clk_camera_cw_fast
    BUFGCTRL_X0Y3        BUFG (Prop_bufg_I_O)         0.091     1.439 r  wizard_migcam/clkout3_buf/O
                         net (fo=309, estimated)      1.491     2.930    crw/sccb_c/CLK
    SLICE_X1Y72          FDRE                                         r  crw/sccb_c/mode_stop_reg_reg/C
                         clock pessimism             -0.420     2.509    
                         clock uncertainty           -0.067     2.443    
    SLICE_X1Y72          FDRE (Setup_fdre_C_D)       -0.327     2.116    crw/sccb_c/mode_stop_reg_reg
  -------------------------------------------------------------------
                         required time                          2.116    
                         arrival time                          -1.594    
  -------------------------------------------------------------------
                         slack                                  0.521    





Min Delay Paths
--------------------------------------------------------------------------------------
Slack (VIOLATED) :        -0.064ns  (arrival time - required time)
  Source:                 pixel_rec/pixel_data_reg[2]/C
                            (rising edge-triggered cell FDRE clocked by clk_camera_cw_fast  {rise@0.000ns fall@2.500ns period=5.000ns})
  Destination:            cdc_fifo/gnuram_async_fifo.xpm_fifo_base_inst/gen_sdpram.xpm_memory_base_inst/gen_wr_a.gen_word_narrow.mem_reg/DIADI[2]
                            (rising edge-triggered cell RAMB36E1 clocked by clk_camera_cw_fast  {rise@0.000ns fall@2.500ns period=5.000ns})
  Path Group:             clk_camera_cw_fast
  Path Type:              Hold (Min at Fast Process Corner)
  Requirement:            0.000ns  (clk_camera_cw_fast rise@0.000ns - clk_camera_cw_fast rise@0.000ns)
  Data Path Delay:        0.543ns  (logic 0.164ns (30.206%)  route 0.379ns (69.794%))
  Logic Levels:           0  
  Clock Path Skew:        0.310ns (DCD - SCD - CPR)
    Destination Clock Delay (DCD):    -0.284ns
    Source Clock Delay      (SCD):    -0.543ns
    Clock Pessimism Removal (CPR):    -0.051ns

    Location             Delay type                Incr(ns)  Path(ns)    Netlist Resource(s)
  -------------------------------------------------------------------    -------------------
                         (clock clk_camera_cw_fast rise edge)
                                                      0.000     0.000 r  
    N15                                               0.000     0.000 r  clk_100mhz (IN)
                         net (fo=0)                   0.000     0.000    wizard_migcam/clk_100mhz
    N15                  IBUF (Prop_ibuf_I_O)         0.209     0.209 r  wizard_migcam/clkin1_ibufg/O
                         net (fo=1, estimated)        0.528     0.737    wizard_migcam/clk_in1_cw_fast
    PLLE2_ADV_X0Y0       PLLE2_ADV (Prop_plle2_adv_CLKIN1_CLKOUT2)
                                                     -2.564    -1.827 r  wizard_migcam/plle2_adv_inst/CLKOUT2
                         net (fo=1, estimated)        0.700    -1.127    wizard_migcam/clk_camera_cw_fast
    BUFGCTRL_X0Y3        BUFG (Prop_bufg_I_O)         0.026    -1.101 r  wizard_migcam/clkout3_buf/O
                         net (fo=309, estimated)      0.558    -0.543    pixel_rec/CLK
    SLICE_X30Y56         FDRE                                         r  pixel_rec/pixel_data_reg[2]/C
  -------------------------------------------------------------------    -------------------
    SLICE_X30Y56         FDRE (Prop_fdre_C_Q)         0.164    -0.379 r  pixel_rec/pixel_data_reg[2]/Q
                         net (fo=1, estimated)        0.379    -0.000    cdc_fifo/gnuram_async_fifo.xpm_fifo_base_inst/gen_sdpram.xpm_memory_base_inst/dina[2]
    RAMB36_X1Y11         RAMB36E1                                     r  cdc_fifo/gnuram_async_fifo.xpm_fifo_base_inst/gen_sdpram.xpm_memory_base_inst/gen_wr_a.gen_word_narrow.mem_reg/DIADI[2]
  -------------------------------------------------------------------    -------------------

                         (clock clk_camera_cw_fast rise edge)
                                                      0.000     0.000 r  
    N15                                               0.000     0.000 r  clk_100mhz (IN)
                         net (fo=0)                   0.000     0.000    wizard_migcam/clk_100mhz
    N15                  IBUF (Prop_ibuf_I_O)         0.396     0.396 r  wizard_migcam/clkin1_ibufg/O
                         net (fo=1, estimated)        0.556     0.952    wizard_migcam/clk_in1_cw_fast
    PLLE2_ADV_X0Y0       PLLE2_ADV (Prop_plle2_adv_CLKIN1_CLKOUT2)
                                                     -2.875    -1.923 r  wizard_migcam/plle2_adv_inst/CLKOUT2
                         net (fo=1, estimated)        0.737    -1.186    wizard_migcam/clk_camera_cw_fast
    BUFGCTRL_X0Y3        BUFG (Prop_bufg_I_O)         0.029    -1.157 r  wizard_migcam/clkout3_buf/O
                         net (fo=309, estimated)      0.873    -0.284    cdc_fifo/gnuram_async_fifo.xpm_fifo_base_inst/gen_sdpram.xpm_memory_base_inst/clka
    RAMB36_X1Y11         RAMB36E1                                     r  cdc_fifo/gnuram_async_fifo.xpm_fifo_base_inst/gen_sdpram.xpm_memory_base_inst/gen_wr_a.gen_word_narrow.mem_reg/CLKBWRCLK
                         clock pessimism              0.051    -0.233    
    RAMB36_X1Y11         RAMB36E1 (Hold_ramb36e1_CLKBWRCLK_DIADI[2])
                                                      0.296     0.063    cdc_fifo/gnuram_async_fifo.xpm_fifo_base_inst/gen_sdpram.xpm_memory_base_inst/gen_wr_a.gen_word_narrow.mem_reg
  -------------------------------------------------------------------
                         required time                         -0.063    
                         arrival time                          -0.000    
  -------------------------------------------------------------------
                         slack                                 -0.064    





Pulse Width Checks
--------------------------------------------------------------------------------------
Clock Name:         clk_camera_cw_fast
Waveform(ns):       { 0.000 2.500 }
Period(ns):         5.000
Sources:            { wizard_migcam/plle2_adv_inst/CLKOUT2 }

Check Type        Corner  Lib Pin             Reference Pin  Required(ns)  Actual(ns)  Slack(ns)  Location        Pin
Min Period        n/a     RAMB18E1/CLKARDCLK  n/a            2.944         5.000       2.056      RAMB18_X0Y30    registers/BRAM_reg/CLKARDCLK
Max Period        n/a     PLLE2_ADV/CLKOUT2   n/a            160.000       5.000       155.000    PLLE2_ADV_X0Y0  wizard_migcam/plle2_adv_inst/CLKOUT2
Low Pulse Width   Slow    FDRE/C              n/a            0.500         2.500       2.000      SLICE_X28Y61    cam_h_sync_buf_reg[0]/C
High Pulse Width  Slow    FDRE/C              n/a            0.500         2.500       2.000      SLICE_X28Y61    cam_h_sync_buf_reg[0]/C



---------------------------------------------------------------------------------------------------
From Clock:  clk_xc_cw_fast
  To Clock:  clk_xc_cw_fast

Setup :           NA  Failing Endpoints,  Worst Slack           NA  ,  Total Violation           NA
Hold  :           NA  Failing Endpoints,  Worst Slack           NA  ,  Total Violation           NA
PW    :            0  Failing Endpoints,  Worst Slack       37.845ns,  Total Violation        0.000ns
---------------------------------------------------------------------------------------------------


Pulse Width Checks
--------------------------------------------------------------------------------------
Clock Name:         clk_xc_cw_fast
Waveform(ns):       { 0.000 20.000 }
Period(ns):         40.000
Sources:            { wizard_migcam/plle2_adv_inst/CLKOUT3 }

Check Type  Corner  Lib Pin            Reference Pin  Required(ns)  Actual(ns)  Slack(ns)  Location        Pin
Min Period  n/a     BUFG/I             n/a            2.155         40.000      37.845     BUFGCTRL_X0Y2   wizard_migcam/clkout4_buf/I
Max Period  n/a     PLLE2_ADV/CLKOUT3  n/a            160.000       40.000      120.000    PLLE2_ADV_X0Y0  wizard_migcam/plle2_adv_inst/CLKOUT3



---------------------------------------------------------------------------------------------------
From Clock:  clkfbout_cw_fast
  To Clock:  clkfbout_cw_fast

Setup :           NA  Failing Endpoints,  Worst Slack           NA  ,  Total Violation           NA
Hold  :           NA  Failing Endpoints,  Worst Slack           NA  ,  Total Violation           NA
PW    :            0  Failing Endpoints,  Worst Slack        7.845ns,  Total Violation        0.000ns
---------------------------------------------------------------------------------------------------


Pulse Width Checks
--------------------------------------------------------------------------------------
Clock Name:         clkfbout_cw_fast
Waveform(ns):       { 0.000 5.000 }
Period(ns):         10.000
Sources:            { wizard_migcam/plle2_adv_inst/CLKFBOUT }

Check Type  Corner  Lib Pin            Reference Pin  Required(ns)  Actual(ns)  Slack(ns)  Location        Pin
Min Period  n/a     BUFG/I             n/a            2.155         10.000      7.845      BUFGCTRL_X0Y5   wizard_migcam/clkf_buf/I
Max Period  n/a     PLLE2_ADV/CLKFBIN  n/a            52.633        10.000      42.633     PLLE2_ADV_X0Y0  wizard_migcam/plle2_adv_inst/CLKFBIN



---------------------------------------------------------------------------------------------------
From Clock:  clk_camera_cw_fast
  To Clock:  clk_pixel_cw_hdmi

Setup :           14  Failing Endpoints,  Worst Slack       -1.845ns,  Total Violation      -23.655ns
Hold  :           14  Failing Endpoints,  Worst Slack       -0.628ns,  Total Violation       -7.807ns
---------------------------------------------------------------------------------------------------


Max Delay Paths
--------------------------------------------------------------------------------------
Slack (VIOLATED) :        -1.845ns  (required time - arrival time)
  Source:                 cdc_fifo/gnuram_async_fifo.xpm_fifo_base_inst/gen_cdc_pntr.wr_pntr_cdc_dc_inst/src_gray_ff_reg[3]/C
                            (rising edge-triggered cell FDRE clocked by clk_camera_cw_fast  {rise@0.000ns fall@2.500ns period=5.000ns})
  Destination:            cdc_fifo/gnuram_async_fifo.xpm_fifo_base_inst/gen_cdc_pntr.wr_pntr_cdc_dc_inst/dest_graysync_ff_reg[0][3]/D
                            (rising edge-triggered cell FDRE clocked by clk_pixel_cw_hdmi  {rise@0.000ns fall@6.734ns period=13.468ns})
  Path Group:             clk_pixel_cw_hdmi
  Path Type:              Setup (Max at Slow Process Corner)
  Requirement:            0.017ns  (clk_pixel_cw_hdmi rise@835.017ns - clk_camera_cw_fast rise@835.000ns)
  Data Path Delay:        0.872ns  (logic 0.419ns (48.050%)  route 0.453ns (51.950%))
  Logic Levels:           0  
  Clock Path Skew:        -0.208ns (DCD - SCD + CPR)
    Destination Clock Delay (DCD):    -2.131ns = ( 832.885 - 835.017 ) 
    Source Clock Delay      (SCD):    -2.526ns = ( 832.474 - 835.000 ) 
    Clock Pessimism Removal (CPR):    -0.602ns
  Clock Uncertainty:      0.518ns  ((TSJ^2 + DJ^2)^1/2) / 2 + PE
    Total System Jitter     (TSJ):    0.071ns
    Discrete Jitter          (DJ):    0.340ns
    Phase Error              (PE):    0.345ns

    Location             Delay type                Incr(ns)  Path(ns)    Netlist Resource(s)
  -------------------------------------------------------------------    -------------------
                         (clock clk_camera_cw_fast rise edge)
                                                    835.000   835.000 r  
    N15                                               0.000   835.000 r  clk_100mhz (IN)
                         net (fo=0)                   0.000   835.000    wizard_migcam/clk_100mhz
    N15                  IBUF (Prop_ibuf_I_O)         1.440   836.440 r  wizard_migcam/clkin1_ibufg/O
                         net (fo=1, estimated)        1.253   837.693    wizard_migcam/clk_in1_cw_fast
    PLLE2_ADV_X0Y0       PLLE2_ADV (Prop_plle2_adv_CLKIN1_CLKOUT2)
                                                     -8.525   829.168 r  wizard_migcam/plle2_adv_inst/CLKOUT2
                         net (fo=1, estimated)        1.660   830.828    wizard_migcam/clk_camera_cw_fast
    BUFGCTRL_X0Y3        BUFG (Prop_bufg_I_O)         0.096   830.924 r  wizard_migcam/clkout3_buf/O
                         net (fo=309, estimated)      1.550   832.474    cdc_fifo/gnuram_async_fifo.xpm_fifo_base_inst/gen_cdc_pntr.wr_pntr_cdc_dc_inst/src_clk
    SLICE_X32Y55         FDRE                                         r  cdc_fifo/gnuram_async_fifo.xpm_fifo_base_inst/gen_cdc_pntr.wr_pntr_cdc_dc_inst/src_gray_ff_reg[3]/C
  -------------------------------------------------------------------    -------------------
    SLICE_X32Y55         FDRE (Prop_fdre_C_Q)         0.419   832.893 r  cdc_fifo/gnuram_async_fifo.xpm_fifo_base_inst/gen_cdc_pntr.wr_pntr_cdc_dc_inst/src_gray_ff_reg[3]/Q
                         net (fo=1, estimated)        0.453   833.346    cdc_fifo/gnuram_async_fifo.xpm_fifo_base_inst/gen_cdc_pntr.wr_pntr_cdc_dc_inst/async_path[3]
    SLICE_X31Y54         FDRE                                         r  cdc_fifo/gnuram_async_fifo.xpm_fifo_base_inst/gen_cdc_pntr.wr_pntr_cdc_dc_inst/dest_graysync_ff_reg[0][3]/D
  -------------------------------------------------------------------    -------------------

                         (clock clk_pixel_cw_hdmi rise edge)
                                                    835.017   835.017 r  
    N15                                               0.000   835.017 r  clk_100mhz (IN)
                         net (fo=0)                   0.000   835.017    wizard_migcam/clk_100mhz
    N15                  IBUF (Prop_ibuf_I_O)         1.370   836.387 r  wizard_migcam/clkin1_ibufg/O
                         net (fo=1, estimated)        1.190   837.577    wizard_migcam/clk_in1_cw_fast
    PLLE2_ADV_X0Y0       PLLE2_ADV (Prop_plle2_adv_CLKIN1_CLKOUT0)
                                                     -7.790   829.787 r  wizard_migcam/plle2_adv_inst/CLKOUT0
                         net (fo=1, estimated)        1.577   831.364    wizard_migcam/clk_100_cw_fast
    BUFGCTRL_X0Y6        BUFG (Prop_bufg_I_O)         0.091   831.455 r  wizard_migcam/clkout1_buf/O
                         net (fo=1, estimated)        1.517   832.972    wizard_hdmi/sysclk
    MMCME2_ADV_X1Y0      MMCME2_ADV (Prop_mmcme2_adv_CLKIN1_CLKOUT0)
                                                     -3.187   829.785 r  wizard_hdmi/mmcm_adv_inst/CLKOUT0
                         net (fo=1, estimated)        1.578   831.363    wizard_hdmi/clk_pixel_cw_hdmi
    BUFGCTRL_X0Y0        BUFG (Prop_bufg_I_O)         0.091   831.454 r  wizard_hdmi/clkout1_buf/O
                         net (fo=6128, estimated)     1.431   832.885    cdc_fifo/gnuram_async_fifo.xpm_fifo_base_inst/gen_cdc_pntr.wr_pntr_cdc_dc_inst/dest_clk
    SLICE_X31Y54         FDRE                                         r  cdc_fifo/gnuram_async_fifo.xpm_fifo_base_inst/gen_cdc_pntr.wr_pntr_cdc_dc_inst/dest_graysync_ff_reg[0][3]/C
                         clock pessimism             -0.602   832.283    
                         clock uncertainty           -0.518   831.765    
    SLICE_X31Y54         FDRE (Setup_fdre_C_D)       -0.264   831.501    cdc_fifo/gnuram_async_fifo.xpm_fifo_base_inst/gen_cdc_pntr.wr_pntr_cdc_dc_inst/dest_graysync_ff_reg[0][3]
  -------------------------------------------------------------------
                         required time                        831.501    
                         arrival time                        -833.346    
  -------------------------------------------------------------------
                         slack                                 -1.845    





Min Delay Paths
--------------------------------------------------------------------------------------
Slack (VIOLATED) :        -0.628ns  (arrival time - required time)
  Source:                 cdc_fifo/gnuram_async_fifo.xpm_fifo_base_inst/gen_cdc_pntr.wr_pntr_cdc_dc_inst/src_gray_ff_reg[6]/C
                            (rising edge-triggered cell FDRE clocked by clk_camera_cw_fast  {rise@0.000ns fall@2.500ns period=5.000ns})
  Destination:            cdc_fifo/gnuram_async_fifo.xpm_fifo_base_inst/gen_cdc_pntr.wr_pntr_cdc_dc_inst/dest_graysync_ff_reg[0][6]/D
                            (rising edge-triggered cell FDRE clocked by clk_pixel_cw_hdmi  {rise@0.000ns fall@6.734ns period=13.468ns})
  Path Group:             clk_pixel_cw_hdmi
  Path Type:              Hold (Min at Fast Process Corner)
  Requirement:            0.000ns  (clk_pixel_cw_hdmi rise@0.000ns - clk_camera_cw_fast rise@0.000ns)
  Data Path Delay:        0.273ns  (logic 0.141ns (51.740%)  route 0.132ns (48.260%))
  Logic Levels:           0  
  Clock Path Skew:        0.307ns (DCD - SCD - CPR)
    Destination Clock Delay (DCD):    -0.331ns
    Source Clock Delay      (SCD):    -0.542ns
    Clock Pessimism Removal (CPR):    -0.096ns
  Clock Uncertainty:      0.518ns  ((TSJ^2 + DJ^2)^1/2) / 2 + PE
    Total System Jitter     (TSJ):    0.071ns
    Discrete Jitter          (DJ):    0.340ns
    Phase Error              (PE):    0.345ns

    Location             Delay type                Incr(ns)  Path(ns)    Netlist Resource(s)
  -------------------------------------------------------------------    -------------------
                         (clock clk_camera_cw_fast rise edge)
                                                      0.000     0.000 r  
    N15                                               0.000     0.000 r  clk_100mhz (IN)
                         net (fo=0)                   0.000     0.000    wizard_migcam/clk_100mhz
    N15                  IBUF (Prop_ibuf_I_O)         0.209     0.209 r  wizard_migcam/clkin1_ibufg/O
                         net (fo=1, estimated)        0.528     0.737    wizard_migcam/clk_in1_cw_fast
    PLLE2_ADV_X0Y0       PLLE2_ADV (Prop_plle2_adv_CLKIN1_CLKOUT2)
                                                     -2.564    -1.827 r  wizard_migcam/plle2_adv_inst/CLKOUT2
                         net (fo=1, estimated)        0.700    -1.127    wizard_migcam/clk_camera_cw_fast
    BUFGCTRL_X0Y3        BUFG (Prop_bufg_I_O)         0.026    -1.101 r  wizard_migcam/clkout3_buf/O
                         net (fo=309, estimated)      0.559    -0.542    cdc_fifo/gnuram_async_fifo.xpm_fifo_base_inst/gen_cdc_pntr.wr_pntr_cdc_dc_inst/src_clk
    SLICE_X33Y50         FDRE                                         r  cdc_fifo/gnuram_async_fifo.xpm_fifo_base_inst/gen_cdc_pntr.wr_pntr_cdc_dc_inst/src_gray_ff_reg[6]/C
  -------------------------------------------------------------------    -------------------
    SLICE_X33Y50         FDRE (Prop_fdre_C_Q)         0.141    -0.401 r  cdc_fifo/gnuram_async_fifo.xpm_fifo_base_inst/gen_cdc_pntr.wr_pntr_cdc_dc_inst/src_gray_ff_reg[6]/Q
                         net (fo=1, estimated)        0.132    -0.270    cdc_fifo/gnuram_async_fifo.xpm_fifo_base_inst/gen_cdc_pntr.wr_pntr_cdc_dc_inst/async_path[6]
    SLICE_X34Y50         FDRE                                         r  cdc_fifo/gnuram_async_fifo.xpm_fifo_base_inst/gen_cdc_pntr.wr_pntr_cdc_dc_inst/dest_graysync_ff_reg[0][6]/D
  -------------------------------------------------------------------    -------------------

                         (clock clk_pixel_cw_hdmi rise edge)
                                                      0.000     0.000 r  
    N15                                               0.000     0.000 r  clk_100mhz (IN)
                         net (fo=0)                   0.000     0.000    wizard_migcam/clk_100mhz
    N15                  IBUF (Prop_ibuf_I_O)         0.396     0.396 r  wizard_migcam/clkin1_ibufg/O
                         net (fo=1, estimated)        0.556     0.952    wizard_migcam/clk_in1_cw_fast
    PLLE2_ADV_X0Y0       PLLE2_ADV (Prop_plle2_adv_CLKIN1_CLKOUT0)
                                                     -2.875    -1.923 r  wizard_migcam/plle2_adv_inst/CLKOUT0
                         net (fo=1, estimated)        0.737    -1.186    wizard_migcam/clk_100_cw_fast
    BUFGCTRL_X0Y6        BUFG (Prop_bufg_I_O)         0.029    -1.157 r  wizard_migcam/clkout1_buf/O
                         net (fo=1, estimated)        0.864    -0.293    wizard_hdmi/sysclk
    MMCME2_ADV_X1Y0      MMCME2_ADV (Prop_mmcme2_adv_CLKIN1_CLKOUT0)
                                                     -1.631    -1.924 r  wizard_hdmi/mmcm_adv_inst/CLKOUT0
                         net (fo=1, estimated)        0.737    -1.187    wizard_hdmi/clk_pixel_cw_hdmi
    BUFGCTRL_X0Y0        BUFG (Prop_bufg_I_O)         0.029    -1.158 r  wizard_hdmi/clkout1_buf/O
                         net (fo=6128, estimated)     0.827    -0.331    cdc_fifo/gnuram_async_fifo.xpm_fifo_base_inst/gen_cdc_pntr.wr_pntr_cdc_dc_inst/dest_clk
    SLICE_X34Y50         FDRE                                         r  cdc_fifo/gnuram_async_fifo.xpm_fifo_base_inst/gen_cdc_pntr.wr_pntr_cdc_dc_inst/dest_graysync_ff_reg[0][6]/C
                         clock pessimism              0.096    -0.235    
                         clock uncertainty            0.518     0.283    
    SLICE_X34Y50         FDRE (Hold_fdre_C_D)         0.075     0.358    cdc_fifo/gnuram_async_fifo.xpm_fifo_base_inst/gen_cdc_pntr.wr_pntr_cdc_dc_inst/dest_graysync_ff_reg[0][6]
  -------------------------------------------------------------------
                         required time                         -0.358    
                         arrival time                          -0.270    
  -------------------------------------------------------------------
                         slack                                 -0.628    





---------------------------------------------------------------------------------------------------
From Clock:  clk_pixel_cw_hdmi
  To Clock:  clk_camera_cw_fast

Setup :           14  Failing Endpoints,  Worst Slack       -1.735ns,  Total Violation      -22.501ns
Hold  :           14  Failing Endpoints,  Worst Slack       -0.656ns,  Total Violation       -8.119ns
---------------------------------------------------------------------------------------------------


Max Delay Paths
--------------------------------------------------------------------------------------
Slack (VIOLATED) :        -1.735ns  (required time - arrival time)
  Source:                 cdc_fifo/gnuram_async_fifo.xpm_fifo_base_inst/gen_cdc_pntr.rd_pntr_cdc_dc_inst/src_gray_ff_reg[1]/C
                            (rising edge-triggered cell FDRE clocked by clk_pixel_cw_hdmi  {rise@0.000ns fall@6.734ns period=13.468ns})
  Destination:            cdc_fifo/gnuram_async_fifo.xpm_fifo_base_inst/gen_cdc_pntr.rd_pntr_cdc_dc_inst/dest_graysync_ff_reg[0][1]/D
                            (rising edge-triggered cell FDRE clocked by clk_camera_cw_fast  {rise@0.000ns fall@2.500ns period=5.000ns})
  Path Group:             clk_camera_cw_fast
  Path Type:              Setup (Max at Slow Process Corner)
  Requirement:            0.017ns  (clk_camera_cw_fast rise@3165.000ns - clk_pixel_cw_hdmi rise@3164.983ns)
  Data Path Delay:        0.982ns  (logic 0.456ns (46.436%)  route 0.526ns (53.564%))
  Logic Levels:           0  
  Clock Path Skew:        -0.202ns (DCD - SCD + CPR)
    Destination Clock Delay (DCD):    -2.127ns = ( 3162.873 - 3165.000 ) 
    Source Clock Delay      (SCD):    -2.528ns = ( 3162.456 - 3164.983 ) 
    Clock Pessimism Removal (CPR):    -0.602ns
  Clock Uncertainty:      0.506ns  ((TSJ^2 + DJ^2)^1/2) / 2 + PE
    Total System Jitter     (TSJ):    0.071ns
    Discrete Jitter          (DJ):    0.329ns
    Phase Error              (PE):    0.338ns

    Location             Delay type                Incr(ns)  Path(ns)    Netlist Resource(s)
  -------------------------------------------------------------------    -------------------
                         (clock clk_pixel_cw_hdmi rise edge)
                                                   3164.983  3164.983 r  
    N15                                               0.000  3164.983 r  clk_100mhz (IN)
                         net (fo=0)                   0.000  3164.983    wizard_migcam/clk_100mhz
    N15                  IBUF (Prop_ibuf_I_O)         1.440  3166.424 r  wizard_migcam/clkin1_ibufg/O
                         net (fo=1, estimated)        1.253  3167.677    wizard_migcam/clk_in1_cw_fast
    PLLE2_ADV_X0Y0       PLLE2_ADV (Prop_plle2_adv_CLKIN1_CLKOUT0)
                                                     -8.525  3159.152 r  wizard_migcam/plle2_adv_inst/CLKOUT0
                         net (fo=1, estimated)        1.660  3160.812    wizard_migcam/clk_100_cw_fast
    BUFGCTRL_X0Y6        BUFG (Prop_bufg_I_O)         0.096  3160.907 r  wizard_migcam/clkout1_buf/O
                         net (fo=1, estimated)        1.634  3162.542    wizard_hdmi/sysclk
    MMCME2_ADV_X1Y0      MMCME2_ADV (Prop_mmcme2_adv_CLKIN1_CLKOUT0)
                                                     -3.393  3159.148 r  wizard_hdmi/mmcm_adv_inst/CLKOUT0
                         net (fo=1, estimated)        1.661  3160.809    wizard_hdmi/clk_pixel_cw_hdmi
    BUFGCTRL_X0Y0        BUFG (Prop_bufg_I_O)         0.096  3160.905 r  wizard_hdmi/clkout1_buf/O
                         net (fo=6128, estimated)     1.550  3162.455    cdc_fifo/gnuram_async_fifo.xpm_fifo_base_inst/gen_cdc_pntr.rd_pntr_cdc_dc_inst/src_clk
    SLICE_X33Y56         FDRE                                         r  cdc_fifo/gnuram_async_fifo.xpm_fifo_base_inst/gen_cdc_pntr.rd_pntr_cdc_dc_inst/src_gray_ff_reg[1]/C
  -------------------------------------------------------------------    -------------------
    SLICE_X33Y56         FDRE (Prop_fdre_C_Q)         0.456  3162.911 r  cdc_fifo/gnuram_async_fifo.xpm_fifo_base_inst/gen_cdc_pntr.rd_pntr_cdc_dc_inst/src_gray_ff_reg[1]/Q
                         net (fo=1, estimated)        0.526  3163.437    cdc_fifo/gnuram_async_fifo.xpm_fifo_base_inst/gen_cdc_pntr.rd_pntr_cdc_dc_inst/async_path[1]
    SLICE_X28Y52         FDRE                                         r  cdc_fifo/gnuram_async_fifo.xpm_fifo_base_inst/gen_cdc_pntr.rd_pntr_cdc_dc_inst/dest_graysync_ff_reg[0][1]/D
  -------------------------------------------------------------------    -------------------

                         (clock clk_camera_cw_fast rise edge)
                                                   3165.000  3165.000 r  
    N15                                               0.000  3165.000 r  clk_100mhz (IN)
                         net (fo=0)                   0.000  3165.000    wizard_migcam/clk_100mhz
    N15                  IBUF (Prop_ibuf_I_O)         1.370  3166.370 r  wizard_migcam/clkin1_ibufg/O
                         net (fo=1, estimated)        1.190  3167.561    wizard_migcam/clk_in1_cw_fast
    PLLE2_ADV_X0Y0       PLLE2_ADV (Prop_plle2_adv_CLKIN1_CLKOUT2)
                                                     -7.790  3159.771 r  wizard_migcam/plle2_adv_inst/CLKOUT2
                         net (fo=1, estimated)        1.577  3161.347    wizard_migcam/clk_camera_cw_fast
    BUFGCTRL_X0Y3        BUFG (Prop_bufg_I_O)         0.091  3161.438 r  wizard_migcam/clkout3_buf/O
                         net (fo=309, estimated)      1.434  3162.873    cdc_fifo/gnuram_async_fifo.xpm_fifo_base_inst/gen_cdc_pntr.rd_pntr_cdc_dc_inst/dest_clk
    SLICE_X28Y52         FDRE                                         r  cdc_fifo/gnuram_async_fifo.xpm_fifo_base_inst/gen_cdc_pntr.rd_pntr_cdc_dc_inst/dest_graysync_ff_reg[0][1]/C
                         clock pessimism             -0.602  3162.270    
                         clock uncertainty           -0.506  3161.764    
    SLICE_X28Y52         FDRE (Setup_fdre_C_D)       -0.062  3161.702    cdc_fifo/gnuram_async_fifo.xpm_fifo_base_inst/gen_cdc_pntr.rd_pntr_cdc_dc_inst/dest_graysync_ff_reg[0][1]
  -------------------------------------------------------------------
                         required time                       3161.702    
                         arrival time                       -3163.438    
  -------------------------------------------------------------------
                         slack                                 -1.735    





Min Delay Paths
--------------------------------------------------------------------------------------
Slack (VIOLATED) :        -0.656ns  (arrival time - required time)
  Source:                 cdc_fifo/gnuram_async_fifo.xpm_fifo_base_inst/gen_cdc_pntr.rd_pntr_cdc_inst/src_gray_ff_reg[4]/C
                            (rising edge-triggered cell FDRE clocked by clk_pixel_cw_hdmi  {rise@0.000ns fall@6.734ns period=13.468ns})
  Destination:            cdc_fifo/gnuram_async_fifo.xpm_fifo_base_inst/gen_cdc_pntr.rd_pntr_cdc_inst/dest_graysync_ff_reg[0][4]/D
                            (rising edge-triggered cell FDRE clocked by clk_camera_cw_fast  {rise@0.000ns fall@2.500ns period=5.000ns})
  Path Group:             clk_camera_cw_fast
  Path Type:              Hold (Min at Fast Process Corner)
  Requirement:            0.000ns  (clk_camera_cw_fast rise@0.000ns - clk_pixel_cw_hdmi rise@0.000ns)
  Data Path Delay:        0.205ns  (logic 0.141ns (68.616%)  route 0.064ns (31.384%))
  Logic Levels:           0  
  Clock Path Skew:        0.309ns (DCD - SCD - CPR)
    Destination Clock Delay (DCD):    -0.329ns
    Source Clock Delay      (SCD):    -0.542ns
    Clock Pessimism Removal (CPR):    -0.096ns
  Clock Uncertainty:      0.506ns  ((TSJ^2 + DJ^2)^1/2) / 2 + PE
    Total System Jitter     (TSJ):    0.071ns
    Discrete Jitter          (DJ):    0.329ns
    Phase Error              (PE):    0.338ns

    Location             Delay type                Incr(ns)  Path(ns)    Netlist Resource(s)
  -------------------------------------------------------------------    -------------------
                         (clock clk_pixel_cw_hdmi rise edge)
                                                      0.000     0.000 r  
    N15                                               0.000     0.000 r  clk_100mhz (IN)
                         net (fo=0)                   0.000     0.000    wizard_migcam/clk_100mhz
    N15                  IBUF (Prop_ibuf_I_O)         0.209     0.209 r  wizard_migcam/clkin1_ibufg/O
                         net (fo=1, estimated)        0.528     0.737    wizard_migcam/clk_in1_cw_fast
    PLLE2_ADV_X0Y0       PLLE2_ADV (Prop_plle2_adv_CLKIN1_CLKOUT0)
                                                     -2.564    -1.827 r  wizard_migcam/plle2_adv_inst/CLKOUT0
                         net (fo=1, estimated)        0.700    -1.127    wizard_migcam/clk_100_cw_fast
    BUFGCTRL_X0Y6        BUFG (Prop_bufg_I_O)         0.026    -1.101 r  wizard_migcam/clkout1_buf/O
                         net (fo=1, estimated)        0.595    -0.506    wizard_hdmi/sysclk
    MMCME2_ADV_X1Y0      MMCME2_ADV (Prop_mmcme2_adv_CLKIN1_CLKOUT0)
                                                     -1.321    -1.827 r  wizard_hdmi/mmcm_adv_inst/CLKOUT0
                         net (fo=1, estimated)        0.700    -1.127    wizard_hdmi/clk_pixel_cw_hdmi
    BUFGCTRL_X0Y0        BUFG (Prop_bufg_I_O)         0.026    -1.101 r  wizard_hdmi/clkout1_buf/O
                         net (fo=6128, estimated)     0.559    -0.542    cdc_fifo/gnuram_async_fifo.xpm_fifo_base_inst/gen_cdc_pntr.rd_pntr_cdc_inst/src_clk
    SLICE_X36Y51         FDRE                                         r  cdc_fifo/gnuram_async_fifo.xpm_fifo_base_inst/gen_cdc_pntr.rd_pntr_cdc_inst/src_gray_ff_reg[4]/C
  -------------------------------------------------------------------    -------------------
    SLICE_X36Y51         FDRE (Prop_fdre_C_Q)         0.141    -0.401 r  cdc_fifo/gnuram_async_fifo.xpm_fifo_base_inst/gen_cdc_pntr.rd_pntr_cdc_inst/src_gray_ff_reg[4]/Q
                         net (fo=1, estimated)        0.064    -0.337    cdc_fifo/gnuram_async_fifo.xpm_fifo_base_inst/gen_cdc_pntr.rd_pntr_cdc_inst/async_path[4]
    SLICE_X37Y51         FDRE                                         r  cdc_fifo/gnuram_async_fifo.xpm_fifo_base_inst/gen_cdc_pntr.rd_pntr_cdc_inst/dest_graysync_ff_reg[0][4]/D
  -------------------------------------------------------------------    -------------------

                         (clock clk_camera_cw_fast rise edge)
                                                      0.000     0.000 r  
    N15                                               0.000     0.000 r  clk_100mhz (IN)
                         net (fo=0)                   0.000     0.000    wizard_migcam/clk_100mhz
    N15                  IBUF (Prop_ibuf_I_O)         0.396     0.396 r  wizard_migcam/clkin1_ibufg/O
                         net (fo=1, estimated)        0.556     0.952    wizard_migcam/clk_in1_cw_fast
    PLLE2_ADV_X0Y0       PLLE2_ADV (Prop_plle2_adv_CLKIN1_CLKOUT2)
                                                     -2.875    -1.923 r  wizard_migcam/plle2_adv_inst/CLKOUT2
                         net (fo=1, estimated)        0.737    -1.186    wizard_migcam/clk_camera_cw_fast
    BUFGCTRL_X0Y3        BUFG (Prop_bufg_I_O)         0.029    -1.157 r  wizard_migcam/clkout3_buf/O
                         net (fo=309, estimated)      0.828    -0.329    cdc_fifo/gnuram_async_fifo.xpm_fifo_base_inst/gen_cdc_pntr.rd_pntr_cdc_inst/dest_clk
    SLICE_X37Y51         FDRE                                         r  cdc_fifo/gnuram_async_fifo.xpm_fifo_base_inst/gen_cdc_pntr.rd_pntr_cdc_inst/dest_graysync_ff_reg[0][4]/C
                         clock pessimism              0.096    -0.233    
                         clock uncertainty            0.506     0.272    
    SLICE_X37Y51         FDRE (Hold_fdre_C_D)         0.047     0.319    cdc_fifo/gnuram_async_fifo.xpm_fifo_base_inst/gen_cdc_pntr.rd_pntr_cdc_inst/dest_graysync_ff_reg[0][4]
  -------------------------------------------------------------------
                         required time                         -0.319    
                         arrival time                          -0.337    
  -------------------------------------------------------------------
                         slack                                 -0.656    





