Copyright 1986-2022 Xilinx, Inc. All Rights Reserved. Copyright 2022-2025 Advanced Micro Devices, Inc. All Rights Reserved.
-------------------------------------------------------------------------------------------------------------------------------------------------
| Tool Version     : Vivado v.2025.1 (lin64) Build 6140274 Wed May 21 22:58:25 MDT 2025
| Date             : Wed Dec 10 17:58:18 2025
| Host             : eecs-digital-07 running 64-bit Ubuntu 24.04.3 LTS
| Command          : report_power -file obj/post_route_power.rpt
| Design           : top_level
| Device           : xc7s50csga324-1
| Design State     : routed
| Grade            : commercial
| Process          : typical
| Characterization : Production
-------------------------------------------------------------------------------------------------------------------------------------------------

Power Report

Table of Contents
-----------------
1. Summary
1.1 On-Chip Components
1.2 Power Supply Summary
1.3 Confidence Level
2. Settings
2.1 Environment
2.2 Clock Constraints
3. Detailed Reports
3.1 By Hierarchy

1. Summary
----------

+--------------------------+--------------+
| Total On-Chip Power (W)  | 0.588        |
| Design Power Budget (W)  | Unspecified* |
| Power Budget Margin (W)  | NA           |
| Dynamic (W)              | 0.512        |
| Device Static (W)        | 0.076        |
| Effective TJA (C/W)      | 4.9          |
| Max Ambient (C)          | 82.1         |
| Junction Temperature (C) | 27.9         |
| Confidence Level         | Low          |
| Setting File             | ---          |
| Simulation Activity File | ---          |
| Design Nets Matched      | NA           |
+--------------------------+--------------+
* Specify Design Power Budget using, set_operating_conditions -design_power_budget <value in Watts>


1.1 On-Chip Components
----------------------

+-------------------------+-----------+----------+-----------+-----------------+
| On-Chip                 | Power (W) | Used     | Available | Utilization (%) |
+-------------------------+-----------+----------+-----------+-----------------+
| Clocks                  |     0.017 |       10 |       --- |             --- |
| Slice Logic             |     0.016 |    15128 |       --- |             --- |
|   LUT as Logic          |     0.014 |     6564 |     32600 |           20.13 |
|   CARRY4                |    <0.001 |      440 |      8150 |            5.40 |
|   F7/F8 Muxes           |    <0.001 |     1258 |     32600 |            3.86 |
|   Register              |    <0.001 |     4757 |     65200 |            7.30 |
|   LUT as Shift Register |    <0.001 |       16 |      9600 |            0.17 |
|   Others                |     0.000 |      131 |       --- |             --- |
| Signals                 |     0.022 |     8537 |       --- |             --- |
| Block RAM               |     0.082 |       53 |        75 |           70.67 |
| MMCM                    |     0.105 |        1 |         5 |           20.00 |
| PLL                     |     0.101 |        1 |         5 |           20.00 |
| DSPs                    |     0.015 |       23 |       120 |           19.17 |
| I/O                     |     0.154 |       71 |       210 |           33.81 |
| Static Power            |     0.076 |          |           |                 |
| Total                   |     0.588 |          |           |                 |
+-------------------------+-----------+----------+-----------+-----------------+


1.2 Power Supply Summary
------------------------

+-----------+-------------+-----------+-------------+------------+-------------+-------------+------------+
| Source    | Voltage (V) | Total (A) | Dynamic (A) | Static (A) | Powerup (A) | Budget (A)  | Margin (A) |
+-----------+-------------+-----------+-------------+------------+-------------+-------------+------------+
| Vccint    |       1.000 |     0.165 |       0.153 |      0.012 |       NA    | Unspecified | NA         |
| Vccaux    |       1.800 |     0.125 |       0.112 |      0.013 |       NA    | Unspecified | NA         |
| Vcco33    |       3.300 |     0.047 |       0.046 |      0.001 |       NA    | Unspecified | NA         |
| Vcco25    |       2.500 |     0.000 |       0.000 |      0.000 |       NA    | Unspecified | NA         |
| Vcco18    |       1.800 |     0.000 |       0.000 |      0.000 |       NA    | Unspecified | NA         |
| Vcco15    |       1.500 |     0.000 |       0.000 |      0.000 |       NA    | Unspecified | NA         |
| Vcco135   |       1.350 |     0.000 |       0.000 |      0.000 |       NA    | Unspecified | NA         |
| Vcco12    |       1.200 |     0.000 |       0.000 |      0.000 |       NA    | Unspecified | NA         |
| Vccaux_io |       1.800 |     0.000 |       0.000 |      0.000 |       NA    | Unspecified | NA         |
| Vccbram   |       1.000 |     0.008 |       0.007 |      0.001 |       NA    | Unspecified | NA         |
| Vccadc    |       1.800 |     0.020 |       0.000 |      0.020 |       NA    | Unspecified | NA         |
+-----------+-------------+-----------+-------------+------------+-------------+-------------+------------+


1.3 Confidence Level
--------------------

+-----------------------------+------------+--------------------------------------------------------+------------------------------------------------------------------------------------------------------------+
| User Input Data             | Confidence | Details                                                | Action                                                                                                     |
+-----------------------------+------------+--------------------------------------------------------+------------------------------------------------------------------------------------------------------------+
| Design implementation state | High       | Design is routed                                       |                                                                                                            |
| Clock nodes activity        | High       | User specified more than 95% of clocks                 |                                                                                                            |
| I/O nodes activity          | Low        | More than 75% of inputs are missing user specification | Provide missing input activity with simulation results or by editing the "By Resource Type -> I/Os" view   |
| Internal nodes activity     | Medium     | User specified less than 25% of internal nodes         | Provide missing internal nodes activity with simulation results or by editing the "By Resource Type" views |
| Device models               | High       | Device models are Production                           |                                                                                                            |
|                             |            |                                                        |                                                                                                            |
| Overall confidence level    | Low        |                                                        |                                                                                                            |
+-----------------------------+------------+--------------------------------------------------------+------------------------------------------------------------------------------------------------------------+


2. Settings
-----------

2.1 Environment
---------------

+-----------------------+--------------------------+
| Ambient Temp (C)      | 25.0                     |
| ThetaJA (C/W)         | 4.9                      |
| Airflow (LFM)         | 250                      |
| Heat Sink             | medium (Medium Profile)  |
| ThetaSA (C/W)         | 4.6                      |
| Board Selection       | medium (10"x10")         |
| # of Board Layers     | 12to15 (12 to 15 Layers) |
| Board Temperature (C) | 25.0                     |
+-----------------------+--------------------------+


2.2 Clock Constraints
---------------------

+--------------------+----------------------------------+-----------------+
| Clock              | Domain                           | Constraint (ns) |
+--------------------+----------------------------------+-----------------+
| clk_100_cw_fast    | wizard_migcam/clk_100_cw_fast    |            10.0 |
| clk_camera_cw_fast | wizard_migcam/clk_camera_cw_fast |             5.0 |
| clk_pixel_cw_hdmi  | wizard_hdmi/clk_pixel_cw_hdmi    |            13.5 |
| clk_tmds_cw_hdmi   | wizard_hdmi/clk_tmds_cw_hdmi     |             2.7 |
| clk_xc_cw_fast     | wizard_migcam/clk_xc_cw_fast     |            40.0 |
| clkfbout_cw_fast   | wizard_migcam/clkfbout_cw_fast   |            10.0 |
| clkfbout_cw_hdmi   | wizard_hdmi/clkfbout_cw_hdmi     |            50.0 |
| gclk               | clk_100mhz                       |            10.0 |
+--------------------+----------------------------------+-----------------+


3. Detailed Reports
-------------------

3.1 By Hierarchy
----------------

+------------------------------------------+-----------+
| Name                                     | Power (W) |
+------------------------------------------+-----------+
| top_level                                |     0.512 |
|   IOBUF_sda                              |     0.003 |
|   cdc_fifo                               |     0.005 |
|     gnuram_async_fifo.xpm_fifo_base_inst |     0.005 |
|       gen_sdpram.xpm_memory_base_inst    |     0.002 |
|   checker_inst                           |     0.008 |
|   crw                                    |     0.003 |
|     sccb_c                               |     0.002 |
|   ds_lbuff                               |     0.004 |
|   frame_buffer                           |     0.048 |
|   path_left                              |     0.013 |
|   path_right                             |     0.013 |
|   pixel_rec                              |     0.001 |
|   renderer_inst                          |     0.043 |
|     grass_menu_inst                      |     0.011 |
|       u_img_rom                          |     0.009 |
|       u_pal_rom                          |     0.002 |
|     ice_tex                              |     0.003 |
|       mud_img_rom                        |     0.002 |
|     mud_tex                              |     0.003 |
|       mud_img_rom                        |     0.002 |
|     ocean_tex                            |     0.003 |
|       mud_img_rom                        |     0.002 |
|       mud_pal_rom                        |     0.001 |
|     snow_menu_inst                       |     0.011 |
|       u_img_rom                          |     0.009 |
|       u_pal_rom                          |     0.002 |
|   rgbtoycrcb_m                           |     0.003 |
|   vsg                                    |     0.002 |
|   wizard_hdmi                            |     0.105 |
|   wizard_migcam                          |     0.102 |
+------------------------------------------+-----------+


