Copyright 1986-2022 Xilinx, Inc. All Rights Reserved. Copyright 2022-2025 Advanced Micro Devices, Inc. All Rights Reserved.
---------------------------------------------------------------------------------------------------------------------------------------------
| Tool Version : Vivado v.2025.1 (lin64) Build 6140274 Wed May 21 22:58:25 MDT 2025
| Date         : Sun Dec  7 20:23:03 2025
| Host         : eecs-digital-03 running 64-bit Ubuntu 24.04.3 LTS
| Command      : report_timing_summary -file obj/post_synth_timing_summary.rpt
| Design       : top_level
| Device       : 7s50-csga324
| Speed File   : -1  PRODUCTION 1.23 2018-06-13
| Design State : Synthesized
---------------------------------------------------------------------------------------------------------------------------------------------

Timing Summary Report

------------------------------------------------------------------------------------------------
| Timer Settings
| --------------
------------------------------------------------------------------------------------------------

  Enable Multi Corner Analysis               :  Yes
  Enable Pessimism Removal                   :  Yes
  Pessimism Removal Resolution               :  Nearest Common Node
  Enable Input Delay Default Clock           :  No
  Enable Preset / Clear Arcs                 :  No
  Disable Flight Delays                      :  No
  Ignore I/O Paths                           :  No
  Timing Early Launch at Borrowing Latches   :  No
  Borrow Time for Max Delay Exceptions       :  Yes
  Merge Timing Exceptions                    :  Yes
  Inter-SLR Compensation                     :  Conservative

  Corner  Analyze    Analyze    
  Name    Max Paths  Min Paths  
  ------  ---------  ---------  
  Slow    Yes        Yes        
  Fast    Yes        Yes        


------------------------------------------------------------------------------------------------
| Report Methodology
| ------------------
------------------------------------------------------------------------------------------------

No report available as report_methodology has not been run prior. Run report_methodology on the current design for the summary of methodology violations.



check_timing report

Table of Contents
-----------------
1. checking no_clock (0)
2. checking constant_clock (0)
3. checking pulse_width_clock (0)
4. checking unconstrained_internal_endpoints (0)
5. checking no_input_delay (15)
6. checking no_output_delay (33)
7. checking multiple_clock (0)
8. checking generated_clocks (0)
9. checking loops (0)
10. checking partial_input_delay (0)
11. checking partial_output_delay (0)
12. checking latch_loops (0)

1. checking no_clock (0)
------------------------
 There are 0 register/latch pins with no clock.


2. checking constant_clock (0)
------------------------------
 There are 0 register/latch pins with constant_clock.


3. checking pulse_width_clock (0)
---------------------------------
 There are 0 register/latch pins which need pulse_width check


4. checking unconstrained_internal_endpoints (0)
------------------------------------------------
 There are 0 pins that are not constrained for maximum delay.

 There are 0 pins that are not constrained for maximum delay due to constant clock.


5. checking no_input_delay (15)
-------------------------------
 There are 15 input ports with no input delay specified. (HIGH)

 There are 0 input ports with no input delay but user has a false path constraint.


6. checking no_output_delay (33)
--------------------------------
 There are 33 ports with no output delay specified. (HIGH)

 There are 0 ports with no output delay but user has a false path constraint

 There are 0 ports with no output delay but with a timing clock defined on it or propagating through it


7. checking multiple_clock (0)
------------------------------
 There are 0 register/latch pins with multiple clocks.


8. checking generated_clocks (0)
--------------------------------
 There are 0 generated clocks that are not connected to a clock source.


9. checking loops (0)
---------------------
 There are 0 combinational loops in the design.


10. checking partial_input_delay (0)
------------------------------------
 There are 0 input ports with partial input delay specified.


11. checking partial_output_delay (0)
-------------------------------------
 There are 0 ports with partial output delay specified.


12. checking latch_loops (0)
----------------------------
 There are 0 combinational latch loops in the design through latch input



------------------------------------------------------------------------------------------------
| Design Timing Summary
| ---------------------
------------------------------------------------------------------------------------------------

    WNS(ns)      TNS(ns)  TNS Failing Endpoints  TNS Total Endpoints      WHS(ns)      THS(ns)  THS Failing Endpoints  THS Total Endpoints     WPWS(ns)     TPWS(ns)  TPWS Failing Endpoints  TPWS Total Endpoints  
    -------      -------  ---------------------  -------------------      -------      -------  ---------------------  -------------------     --------     --------  ----------------------  --------------------  
     -4.343     -200.242                    103                 9805       -0.489      -10.800                     28                 9805        0.538        0.000                       0                  4540  


Timing constraints are not met.


------------------------------------------------------------------------------------------------
| Clock Summary
| -------------
------------------------------------------------------------------------------------------------

Clock                  Waveform(ns)         Period(ns)      Frequency(MHz)
-----                  ------------         ----------      --------------
gclk                   {0.000 4.000}        10.000          100.000         
  clk_100_cw_fast      {0.000 5.000}        10.000          100.000         
    clk_pixel_cw_hdmi  {0.000 6.734}        13.468          74.250          
    clk_tmds_cw_hdmi   {0.000 1.347}        2.694           371.250         
    clkfbout_cw_hdmi   {0.000 25.000}       50.000          20.000          
  clk_camera_cw_fast   {0.000 2.500}        5.000           200.000         
  clk_mig_cw_fast      {0.000 2.500}        5.000           200.000         
  clk_xc_cw_fast       {0.000 20.000}       40.000          25.000          
  clkfbout_cw_fast     {0.000 5.000}        10.000          100.000         


------------------------------------------------------------------------------------------------
| Intra Clock Table
| -----------------
------------------------------------------------------------------------------------------------

Clock                      WNS(ns)      TNS(ns)  TNS Failing Endpoints  TNS Total Endpoints      WHS(ns)      THS(ns)  THS Failing Endpoints  THS Total Endpoints     WPWS(ns)     TPWS(ns)  TPWS Failing Endpoints  TPWS Total Endpoints  
-----                      -------      -------  ---------------------  -------------------      -------      -------  ---------------------  -------------------     --------     --------  ----------------------  --------------------  
gclk                                                                                                                                                                     2.000        0.000                       0                     1  
  clk_100_cw_fast                                                                                                                                                        3.000        0.000                       0                     3  
    clk_pixel_cw_hdmi       -4.343     -138.334                     47                 9042        0.003        0.000                      0                 9042        5.754        0.000                       0                  4212  
    clk_tmds_cw_hdmi                                                                                                                                                     0.538        0.000                       0                     8  
    clkfbout_cw_hdmi                                                                                                                                                    47.845        0.000                       0                     3  
  clk_camera_cw_fast        -0.513      -14.355                     28                  735        0.045        0.000                      0                  735        2.000        0.000                       0                   306  
  clk_mig_cw_fast                                                                                                                                                        2.845        0.000                       0                     2  
  clk_xc_cw_fast                                                                                                                                                        37.845        0.000                       0                     2  
  clkfbout_cw_fast                                                                                                                                                       7.845        0.000                       0                     3  


------------------------------------------------------------------------------------------------
| Inter Clock Table
| -----------------
------------------------------------------------------------------------------------------------

From Clock          To Clock                WNS(ns)      TNS(ns)  TNS Failing Endpoints  TNS Total Endpoints      WHS(ns)      THS(ns)  THS Failing Endpoints  THS Total Endpoints  
----------          --------                -------      -------  ---------------------  -------------------      -------      -------  ---------------------  -------------------  
clk_camera_cw_fast  clk_pixel_cw_hdmi        -1.497      -20.810                     14                   14       -0.489       -6.841                     14                   14  
clk_pixel_cw_hdmi   clk_camera_cw_fast       -1.981      -26.743                     14                   14       -0.285       -3.958                     14                   14  


------------------------------------------------------------------------------------------------
| Other Path Groups Table
| -----------------------
------------------------------------------------------------------------------------------------

Path Group    From Clock    To Clock          WNS(ns)      TNS(ns)  TNS Failing Endpoints  TNS Total Endpoints      WHS(ns)      THS(ns)  THS Failing Endpoints  THS Total Endpoints  
----------    ----------    --------          -------      -------  ---------------------  -------------------      -------      -------  ---------------------  -------------------  


------------------------------------------------------------------------------------------------
| Timing Details
| --------------
------------------------------------------------------------------------------------------------


---------------------------------------------------------------------------------------------------
From Clock:  gclk
  To Clock:  gclk

Setup :           NA  Failing Endpoints,  Worst Slack           NA  ,  Total Violation           NA
Hold  :           NA  Failing Endpoints,  Worst Slack           NA  ,  Total Violation           NA
PW    :            0  Failing Endpoints,  Worst Slack        2.000ns,  Total Violation        0.000ns
---------------------------------------------------------------------------------------------------


Pulse Width Checks
--------------------------------------------------------------------------------------
Clock Name:         gclk
Waveform(ns):       { 0.000 4.000 }
Period(ns):         10.000
Sources:            { clk_100mhz }

Check Type        Corner  Lib Pin           Reference Pin  Required(ns)  Actual(ns)  Slack(ns)  Location  Pin
Min Period        n/a     PLLE2_ADV/CLKIN1  n/a            1.249         10.000      8.751                wizard_migcam/plle2_adv_inst/CLKIN1
Max Period        n/a     PLLE2_ADV/CLKIN1  n/a            52.633        10.000      42.633               wizard_migcam/plle2_adv_inst/CLKIN1
Low Pulse Width   Slow    PLLE2_ADV/CLKIN1  n/a            2.000         6.000       4.000                wizard_migcam/plle2_adv_inst/CLKIN1
High Pulse Width  Slow    PLLE2_ADV/CLKIN1  n/a            2.000         4.000       2.000                wizard_migcam/plle2_adv_inst/CLKIN1



---------------------------------------------------------------------------------------------------
From Clock:  clk_100_cw_fast
  To Clock:  clk_100_cw_fast

Setup :           NA  Failing Endpoints,  Worst Slack           NA  ,  Total Violation           NA
Hold  :           NA  Failing Endpoints,  Worst Slack           NA  ,  Total Violation           NA
PW    :            0  Failing Endpoints,  Worst Slack        3.000ns,  Total Violation        0.000ns
---------------------------------------------------------------------------------------------------


Pulse Width Checks
--------------------------------------------------------------------------------------
Clock Name:         clk_100_cw_fast
Waveform(ns):       { 0.000 5.000 }
Period(ns):         10.000
Sources:            { wizard_migcam/plle2_adv_inst/CLKOUT0 }

Check Type        Corner  Lib Pin            Reference Pin  Required(ns)  Actual(ns)  Slack(ns)  Location  Pin
Min Period        n/a     BUFG/I             n/a            2.155         10.000      7.845                wizard_migcam/clkout1_buf/I
Max Period        n/a     MMCME2_ADV/CLKIN1  n/a            100.000       10.000      90.000               wizard_hdmi/mmcm_adv_inst/CLKIN1
Low Pulse Width   Slow    MMCME2_ADV/CLKIN1  n/a            2.000         5.000       3.000                wizard_hdmi/mmcm_adv_inst/CLKIN1
High Pulse Width  Slow    MMCME2_ADV/CLKIN1  n/a            2.000         5.000       3.000                wizard_hdmi/mmcm_adv_inst/CLKIN1



---------------------------------------------------------------------------------------------------
From Clock:  clk_pixel_cw_hdmi
  To Clock:  clk_pixel_cw_hdmi

Setup :           47  Failing Endpoints,  Worst Slack       -4.343ns,  Total Violation     -138.334ns
Hold  :            0  Failing Endpoints,  Worst Slack        0.003ns,  Total Violation        0.000ns
PW    :            0  Failing Endpoints,  Worst Slack        5.754ns,  Total Violation        0.000ns
---------------------------------------------------------------------------------------------------


Max Delay Paths
--------------------------------------------------------------------------------------
Slack (VIOLATED) :        -4.343ns  (required time - arrival time)
  Source:                 x_com1_reg[4]/C
                            (rising edge-triggered cell FDRE clocked by clk_pixel_cw_hdmi  {rise@0.000ns fall@6.734ns period=13.468ns})
  Destination:            tmds_blue/tally_reg[5]/D
                            (rising edge-triggered cell FDRE clocked by clk_pixel_cw_hdmi  {rise@0.000ns fall@6.734ns period=13.468ns})
  Path Group:             clk_pixel_cw_hdmi
  Path Type:              Setup (Max at Slow Process Corner)
  Requirement:            13.468ns  (clk_pixel_cw_hdmi rise@13.468ns - clk_pixel_cw_hdmi rise@0.000ns)
  Data Path Delay:        17.485ns  (logic 7.768ns (44.426%)  route 9.717ns (55.574%))
  Logic Levels:           18  (CARRY4=5 DSP48E1=1 LUT2=1 LUT3=2 LUT4=1 LUT5=3 LUT6=5)
  Clock Path Skew:        -0.145ns (DCD - SCD + CPR)
    Destination Clock Delay (DCD):    -2.578ns = ( 10.890 - 13.468 ) 
    Source Clock Delay      (SCD):    -2.892ns
    Clock Pessimism Removal (CPR):    -0.459ns
  Clock Uncertainty:      0.210ns  ((TSJ^2 + DJ^2)^1/2) / 2 + PE
    Total System Jitter     (TSJ):    0.071ns
    Discrete Jitter          (DJ):    0.414ns
    Phase Error              (PE):    0.000ns

    Location             Delay type                Incr(ns)  Path(ns)    Netlist Resource(s)
  -------------------------------------------------------------------    -------------------
                         (clock clk_pixel_cw_hdmi rise edge)
                                                      0.000     0.000 r  
    N15                                               0.000     0.000 r  clk_100mhz (IN)
                         net (fo=0)                   0.000     0.000    wizard_migcam/clk_100mhz
    N15                  IBUF (Prop_ibuf_I_O)         1.440     1.440 r  wizard_migcam/clkin1_ibufg/O
                         net (fo=1, unplaced)         0.584     2.024    wizard_migcam/clk_in1_cw_fast
                         PLLE2_ADV (Prop_plle2_adv_CLKIN1_CLKOUT0)
                                                     -6.612    -4.587 r  wizard_migcam/plle2_adv_inst/CLKOUT0
                         net (fo=1, unplaced)         0.800    -3.788    wizard_migcam/clk_100_cw_fast
                         BUFG (Prop_bufg_I_O)         0.096    -3.692 r  wizard_migcam/clkout1_buf/O
                         net (fo=1, unplaced)         0.584    -3.108    wizard_hdmi/clk_100
                         MMCME2_ADV (Prop_mmcme2_adv_CLKIN1_CLKOUT0)
                                                     -1.480    -4.587 r  wizard_hdmi/mmcm_adv_inst/CLKOUT0
                         net (fo=1, unplaced)         0.800    -3.788    wizard_hdmi/clk_pixel_cw_hdmi
                         BUFG (Prop_bufg_I_O)         0.096    -3.692 r  wizard_hdmi/clkout1_buf/O
                         net (fo=4211, unplaced)      0.800    -2.892    clk_pixel
                         FDRE                                         r  x_com1_reg[4]/C
  -------------------------------------------------------------------    -------------------
                         FDRE (Prop_fdre_C_Q)         0.456    -2.436 f  x_com1_reg[4]/Q
                         net (fo=5, unplaced)         0.993    -1.443    vsg/red4__2[4]
                         LUT6 (Prop_lut6_I0_O)        0.295    -1.148 r  vsg/red4__2_i_30/O
                         net (fo=6, unplaced)         0.481    -0.667    vsg/red4__2_i_30_n_0
                         LUT5 (Prop_lut5_I2_O)        0.124    -0.543 r  vsg/red4__2_i_31/O
                         net (fo=1, unplaced)         0.449    -0.094    vsg/red4__2_i_31_n_0
                         LUT3 (Prop_lut3_I2_O)        0.124     0.030 r  vsg/red4__2_i_19/O
                         net (fo=1, unplaced)         0.000     0.030    vsg/red4__2_i_19_n_0
                         CARRY4 (Prop_carry4_S[2]_O[3])
                                                      0.352     0.382 r  vsg/red4__2_i_4/O[3]
                         net (fo=19, unplaced)        0.800     1.182    vsg_n_157
                         DSP48E1 (Prop_dsp48e1_A[29]_P[1])
                                                      4.023     5.205 r  red4__2/P[1]
                         net (fo=2, unplaced)         0.800     6.004    tmds_blue/tmds_reg[0]_i_29_0[1]
                         LUT2 (Prop_lut2_I0_O)        0.124     6.128 r  tmds_blue/tmds[0]_i_64/O
                         net (fo=1, unplaced)         0.000     6.128    tmds_blue/tmds[0]_i_64_n_0
                         CARRY4 (Prop_carry4_S[1]_CO[3])
                                                      0.533     6.661 r  tmds_blue/tmds_reg[0]_i_31/CO[3]
                         net (fo=1, unplaced)         0.009     6.670    tmds_blue/tmds_reg[0]_i_31_n_0
                         CARRY4 (Prop_carry4_CI_CO[3])
                                                      0.117     6.787 r  tmds_blue/tmds_reg[0]_i_11/CO[3]
                         net (fo=1, unplaced)         0.000     6.787    tmds_blue/tmds_reg[0]_i_11_n_0
                         CARRY4 (Prop_carry4_CI_CO[3])
                                                      0.117     6.904 r  tmds_blue/tmds_reg[0]_i_7/CO[3]
                         net (fo=1, unplaced)         0.000     6.904    tmds_blue/tmds_reg[0]_i_7_n_0
                         CARRY4 (Prop_carry4_CI_O[1])
                                                      0.337     7.241 f  tmds_blue/tmds_reg[0]_i_8/O[1]
                         net (fo=1, unplaced)         0.599     7.840    tmds_blue/dist2_1[13]
                         LUT4 (Prop_lut4_I1_O)        0.306     8.146 f  tmds_blue/tmds[0]_i_6/O
                         net (fo=1, unplaced)         0.902     9.048    tmds_blue/tmds[0]_i_6_n_0
                         LUT6 (Prop_lut6_I0_O)        0.124     9.172 f  tmds_blue/tmds[0]_i_2/O
                         net (fo=5, unplaced)         0.477     9.649    vsg/tmds_reg[0]_2
                         LUT3 (Prop_lut3_I1_O)        0.116     9.765 r  vsg/tmds[7]_i_2__1/O
                         net (fo=24, unplaced)        0.513    10.278    vsg/player1_pix
                         LUT6 (Prop_lut6_I3_O)        0.124    10.402 r  vsg/tmds[6]_i_4/O
                         net (fo=9, unplaced)         0.943    11.345    vsg/blue[3]
                         LUT5 (Prop_lut5_I2_O)        0.124    11.469 f  vsg/tally[2]_i_7__0/O
                         net (fo=4, unplaced)         0.926    12.395    vsg/tally[2]_i_7__0_n_0
                         LUT6 (Prop_lut6_I3_O)        0.124    12.519 r  vsg/tally[5]_i_9__1/O
                         net (fo=2, unplaced)         0.913    13.432    vsg/tally[5]_i_9__1_n_0
                         LUT5 (Prop_lut5_I0_O)        0.124    13.556 r  vsg/tally[5]_i_5__1/O
                         net (fo=2, unplaced)         0.913    14.469    vsg/tally[5]_i_5__1_n_0
                         LUT6 (Prop_lut6_I3_O)        0.124    14.593 r  vsg/tally[5]_i_1__0/O
                         net (fo=1, unplaced)         0.000    14.593    tmds_blue/D[4]
                         FDRE                                         r  tmds_blue/tally_reg[5]/D
  -------------------------------------------------------------------    -------------------

                         (clock clk_pixel_cw_hdmi rise edge)
                                                     13.468    13.468 r  
    N15                                               0.000    13.468 r  clk_100mhz (IN)
                         net (fo=0)                   0.000    13.468    wizard_migcam/clk_100mhz
    N15                  IBUF (Prop_ibuf_I_O)         1.370    14.838 r  wizard_migcam/clkin1_ibufg/O
                         net (fo=1, unplaced)         0.439    15.277    wizard_migcam/clk_in1_cw_fast
                         PLLE2_ADV (Prop_plle2_adv_CLKIN1_CLKOUT0)
                                                     -5.893     9.384 r  wizard_migcam/plle2_adv_inst/CLKOUT0
                         net (fo=1, unplaced)         0.760    10.144    wizard_migcam/clk_100_cw_fast
                         BUFG (Prop_bufg_I_O)         0.091    10.235 r  wizard_migcam/clkout1_buf/O
                         net (fo=1, unplaced)         0.439    10.674    wizard_hdmi/clk_100
                         MMCME2_ADV (Prop_mmcme2_adv_CLKIN1_CLKOUT0)
                                                     -1.290     9.384 r  wizard_hdmi/mmcm_adv_inst/CLKOUT0
                         net (fo=1, unplaced)         0.760    10.144    wizard_hdmi/clk_pixel_cw_hdmi
                         BUFG (Prop_bufg_I_O)         0.091    10.235 r  wizard_hdmi/clkout1_buf/O
                         net (fo=4211, unplaced)      0.655    10.890    tmds_blue/clk_pixel
                         FDRE                                         r  tmds_blue/tally_reg[5]/C
                         clock pessimism             -0.459    10.431    
                         clock uncertainty           -0.210    10.221    
                         FDRE (Setup_fdre_C_D)        0.029    10.250    tmds_blue/tally_reg[5]
  -------------------------------------------------------------------
                         required time                         10.250    
                         arrival time                         -14.593    
  -------------------------------------------------------------------
                         slack                                 -4.343    





Min Delay Paths
--------------------------------------------------------------------------------------
Slack (MET) :             0.003ns  (arrival time - required time)
  Source:                 red_ser/pwup_rst_reg/C
                            (rising edge-triggered cell FDRE clocked by clk_pixel_cw_hdmi  {rise@0.000ns fall@6.734ns period=13.468ns})
  Destination:            blue_ser/primary/RST
                            (rising edge-triggered cell OSERDESE2 clocked by clk_pixel_cw_hdmi  {rise@0.000ns fall@6.734ns period=13.468ns})
  Path Group:             clk_pixel_cw_hdmi
  Path Type:              Hold (Min at Fast Process Corner)
  Requirement:            0.000ns  (clk_pixel_cw_hdmi rise@0.000ns - clk_pixel_cw_hdmi rise@0.000ns)
  Data Path Delay:        0.707ns  (logic 0.239ns (33.796%)  route 0.468ns (66.204%))
  Logic Levels:           1  (LUT2=1)
  Clock Path Skew:        0.145ns (DCD - SCD - CPR)
    Destination Clock Delay (DCD):    -0.491ns
    Source Clock Delay      (SCD):    -0.824ns
    Clock Pessimism Removal (CPR):    0.187ns

    Location             Delay type                Incr(ns)  Path(ns)    Netlist Resource(s)
  -------------------------------------------------------------------    -------------------
                         (clock clk_pixel_cw_hdmi rise edge)
                                                      0.000     0.000 r  
    N15                                               0.000     0.000 r  clk_100mhz (IN)
                         net (fo=0)                   0.000     0.000    wizard_migcam/clk_100mhz
    N15                  IBUF (Prop_ibuf_I_O)         0.209     0.209 r  wizard_migcam/clkin1_ibufg/O
                         net (fo=1, unplaced)         0.114     0.323    wizard_migcam/clk_in1_cw_fast
                         PLLE2_ADV (Prop_plle2_adv_CLKIN1_CLKOUT0)
                                                     -1.719    -1.397 r  wizard_migcam/plle2_adv_inst/CLKOUT0
                         net (fo=1, unplaced)         0.337    -1.059    wizard_migcam/clk_100_cw_fast
                         BUFG (Prop_bufg_I_O)         0.026    -1.033 r  wizard_migcam/clkout1_buf/O
                         net (fo=1, unplaced)         0.114    -0.919    wizard_hdmi/clk_100
                         MMCME2_ADV (Prop_mmcme2_adv_CLKIN1_CLKOUT0)
                                                     -0.477    -1.397 r  wizard_hdmi/mmcm_adv_inst/CLKOUT0
                         net (fo=1, unplaced)         0.337    -1.059    wizard_hdmi/clk_pixel_cw_hdmi
                         BUFG (Prop_bufg_I_O)         0.026    -1.033 r  wizard_hdmi/clkout1_buf/O
                         net (fo=4211, unplaced)      0.210    -0.824    red_ser/clk_pixel
                         FDRE                                         r  red_ser/pwup_rst_reg/C
  -------------------------------------------------------------------    -------------------
                         FDRE (Prop_fdre_C_Q)         0.141    -0.683 r  red_ser/pwup_rst_reg/Q
                         net (fo=1, unplaced)         0.131    -0.551    red_ser/blue_ser/pwup_rst
                         LUT2 (Prop_lut2_I1_O)        0.098    -0.453 r  red_ser/primary_i_1/O
                         net (fo=6, unplaced)         0.337    -0.116    blue_ser/RST0
    OLOGIC_X0Y20         OSERDESE2                                    r  blue_ser/primary/RST
  -------------------------------------------------------------------    -------------------

                         (clock clk_pixel_cw_hdmi rise edge)
                                                      0.000     0.000 r  
    N15                                               0.000     0.000 r  clk_100mhz (IN)
                         net (fo=0)                   0.000     0.000    wizard_migcam/clk_100mhz
    N15                  IBUF (Prop_ibuf_I_O)         0.396     0.396 r  wizard_migcam/clkin1_ibufg/O
                         net (fo=1, unplaced)         0.259     0.655    wizard_migcam/clk_in1_cw_fast
                         PLLE2_ADV (Prop_plle2_adv_CLKIN1_CLKOUT0)
                                                     -1.885    -1.230 r  wizard_migcam/plle2_adv_inst/CLKOUT0
                         net (fo=1, unplaced)         0.355    -0.875    wizard_migcam/clk_100_cw_fast
                         BUFG (Prop_bufg_I_O)         0.029    -0.846 r  wizard_migcam/clkout1_buf/O
                         net (fo=1, unplaced)         0.259    -0.587    wizard_hdmi/clk_100
                         MMCME2_ADV (Prop_mmcme2_adv_CLKIN1_CLKOUT0)
                                                     -0.643    -1.230 r  wizard_hdmi/mmcm_adv_inst/CLKOUT0
                         net (fo=1, unplaced)         0.355    -0.875    wizard_hdmi/clk_pixel_cw_hdmi
                         BUFG (Prop_bufg_I_O)         0.029    -0.846 r  wizard_hdmi/clkout1_buf/O
                         net (fo=4211, unplaced)      0.355    -0.491    blue_ser/clk_pixel
    OLOGIC_X0Y20         OSERDESE2                                    r  blue_ser/primary/CLKDIV
                         clock pessimism             -0.187    -0.679    
    OLOGIC_X0Y20         OSERDESE2 (Hold_oserdese2_CLKDIV_RST)
                                                      0.559    -0.120    blue_ser/primary
  -------------------------------------------------------------------
                         required time                          0.120    
                         arrival time                          -0.116    
  -------------------------------------------------------------------
                         slack                                  0.003    





Pulse Width Checks
--------------------------------------------------------------------------------------
Clock Name:         clk_pixel_cw_hdmi
Waveform(ns):       { 0.000 6.734 }
Period(ns):         13.468
Sources:            { wizard_hdmi/mmcm_adv_inst/CLKOUT0 }

Check Type        Corner  Lib Pin             Reference Pin  Required(ns)  Actual(ns)  Slack(ns)  Location  Pin
Min Period        n/a     DSP48E1/CLK         n/a            3.884         13.468      9.584                rgbtoycrcb_m/cbg_reg/CLK
Max Period        n/a     MMCME2_ADV/CLKOUT0  n/a            213.360       13.468      199.892              wizard_hdmi/mmcm_adv_inst/CLKOUT0
Low Pulse Width   Slow    SRL16E/CLK          n/a            0.980         6.734       5.754                active_d4_reg_srl4___h_d4_reg_r/CLK
High Pulse Width  Slow    SRL16E/CLK          n/a            0.980         6.734       5.754                active_d4_reg_srl4___h_d4_reg_r/CLK



---------------------------------------------------------------------------------------------------
From Clock:  clk_tmds_cw_hdmi
  To Clock:  clk_tmds_cw_hdmi

Setup :           NA  Failing Endpoints,  Worst Slack           NA  ,  Total Violation           NA
Hold  :           NA  Failing Endpoints,  Worst Slack           NA  ,  Total Violation           NA
PW    :            0  Failing Endpoints,  Worst Slack        0.538ns,  Total Violation        0.000ns
---------------------------------------------------------------------------------------------------


Pulse Width Checks
--------------------------------------------------------------------------------------
Clock Name:         clk_tmds_cw_hdmi
Waveform(ns):       { 0.000 1.347 }
Period(ns):         2.694
Sources:            { wizard_hdmi/mmcm_adv_inst/CLKOUT1 }

Check Type  Corner  Lib Pin             Reference Pin  Required(ns)  Actual(ns)  Slack(ns)  Location  Pin
Min Period  n/a     BUFG/I              n/a            2.155         2.694       0.538                wizard_hdmi/clkout2_buf/I
Max Period  n/a     MMCME2_ADV/CLKOUT1  n/a            213.360       2.694       210.666              wizard_hdmi/mmcm_adv_inst/CLKOUT1



---------------------------------------------------------------------------------------------------
From Clock:  clkfbout_cw_hdmi
  To Clock:  clkfbout_cw_hdmi

Setup :           NA  Failing Endpoints,  Worst Slack           NA  ,  Total Violation           NA
Hold  :           NA  Failing Endpoints,  Worst Slack           NA  ,  Total Violation           NA
PW    :            0  Failing Endpoints,  Worst Slack       47.845ns,  Total Violation        0.000ns
---------------------------------------------------------------------------------------------------


Pulse Width Checks
--------------------------------------------------------------------------------------
Clock Name:         clkfbout_cw_hdmi
Waveform(ns):       { 0.000 25.000 }
Period(ns):         50.000
Sources:            { wizard_hdmi/mmcm_adv_inst/CLKFBOUT }

Check Type  Corner  Lib Pin             Reference Pin  Required(ns)  Actual(ns)  Slack(ns)  Location  Pin
Min Period  n/a     BUFG/I              n/a            2.155         50.000      47.845               wizard_hdmi/clkf_buf/I
Max Period  n/a     MMCME2_ADV/CLKFBIN  n/a            100.000       50.000      50.000               wizard_hdmi/mmcm_adv_inst/CLKFBIN



---------------------------------------------------------------------------------------------------
From Clock:  clk_camera_cw_fast
  To Clock:  clk_camera_cw_fast

Setup :           28  Failing Endpoints,  Worst Slack       -0.513ns,  Total Violation      -14.355ns
Hold  :            0  Failing Endpoints,  Worst Slack        0.045ns,  Total Violation        0.000ns
PW    :            0  Failing Endpoints,  Worst Slack        2.000ns,  Total Violation        0.000ns
---------------------------------------------------------------------------------------------------


Max Delay Paths
--------------------------------------------------------------------------------------
Slack (VIOLATED) :        -0.513ns  (required time - arrival time)
  Source:                 count_delay_reg[9]/C
                            (rising edge-triggered cell FDRE clocked by clk_camera_cw_fast  {rise@0.000ns fall@2.500ns period=5.000ns})
  Destination:            count_delay_reg[0]/R
                            (rising edge-triggered cell FDRE clocked by clk_camera_cw_fast  {rise@0.000ns fall@2.500ns period=5.000ns})
  Path Group:             clk_camera_cw_fast
  Path Type:              Setup (Max at Slow Process Corner)
  Requirement:            5.000ns  (clk_camera_cw_fast rise@5.000ns - clk_camera_cw_fast rise@0.000ns)
  Data Path Delay:        4.744ns  (logic 1.269ns (26.750%)  route 3.475ns (73.250%))
  Logic Levels:           5  (LUT4=1 LUT5=3 LUT6=1)
  Clock Path Skew:        -0.145ns (DCD - SCD + CPR)
    Destination Clock Delay (DCD):    -2.794ns = ( 2.206 - 5.000 ) 
    Source Clock Delay      (SCD):    -3.108ns
    Clock Pessimism Removal (CPR):    -0.459ns
  Clock Uncertainty:      0.067ns  ((TSJ^2 + DJ^2)^1/2) / 2 + PE
    Total System Jitter     (TSJ):    0.071ns
    Discrete Jitter          (DJ):    0.113ns
    Phase Error              (PE):    0.000ns

    Location             Delay type                Incr(ns)  Path(ns)    Netlist Resource(s)
  -------------------------------------------------------------------    -------------------
                         (clock clk_camera_cw_fast rise edge)
                                                      0.000     0.000 r  
    N15                                               0.000     0.000 r  clk_100mhz (IN)
                         net (fo=0)                   0.000     0.000    wizard_migcam/clk_100mhz
    N15                  IBUF (Prop_ibuf_I_O)         1.440     1.440 r  wizard_migcam/clkin1_ibufg/O
                         net (fo=1, unplaced)         0.584     2.024    wizard_migcam/clk_in1_cw_fast
                         PLLE2_ADV (Prop_plle2_adv_CLKIN1_CLKOUT2)
                                                     -6.612    -4.587 r  wizard_migcam/plle2_adv_inst/CLKOUT2
                         net (fo=1, unplaced)         0.800    -3.788    wizard_migcam/clk_camera_cw_fast
                         BUFG (Prop_bufg_I_O)         0.096    -3.692 r  wizard_migcam/clkout3_buf/O
                         net (fo=304, unplaced)       0.584    -3.108    clk_camera
                         FDRE                                         r  count_delay_reg[9]/C
  -------------------------------------------------------------------    -------------------
                         FDRE (Prop_fdre_C_Q)         0.478    -2.630 r  count_delay_reg[9]/Q
                         net (fo=2, unplaced)         0.817    -1.813    crw/count_delay_reg[0]
                         LUT5 (Prop_lut5_I0_O)        0.295    -1.518 r  crw/request_config_i_5/O
                         net (fo=1, unplaced)         0.449    -1.069    crw/request_config_i_5_n_0
                         LUT6 (Prop_lut6_I0_O)        0.124    -0.945 r  crw/request_config_i_3/O
                         net (fo=1, unplaced)         0.449    -0.496    crw/request_config_i_3_n_0
                         LUT5 (Prop_lut5_I1_O)        0.124    -0.372 r  crw/request_config_i_2/O
                         net (fo=3, unplaced)         0.467     0.095    crw/count_delay_reg[19]
                         LUT5 (Prop_lut5_I0_O)        0.124     0.219 r  crw/count_delay[0]_i_3/O
                         net (fo=1, unplaced)         0.449     0.668    wizard_migcam/count_delay_reg[0]
                         LUT4 (Prop_lut4_I3_O)        0.124     0.792 r  wizard_migcam/count_delay[0]_i_1/O
                         net (fo=28, unplaced)        0.844     1.636    clear
                         FDRE                                         r  count_delay_reg[0]/R
  -------------------------------------------------------------------    -------------------

                         (clock clk_camera_cw_fast rise edge)
                                                      5.000     5.000 r  
    N15                                               0.000     5.000 r  clk_100mhz (IN)
                         net (fo=0)                   0.000     5.000    wizard_migcam/clk_100mhz
    N15                  IBUF (Prop_ibuf_I_O)         1.370     6.370 r  wizard_migcam/clkin1_ibufg/O
                         net (fo=1, unplaced)         0.439     6.809    wizard_migcam/clk_in1_cw_fast
                         PLLE2_ADV (Prop_plle2_adv_CLKIN1_CLKOUT2)
                                                     -5.893     0.916 r  wizard_migcam/plle2_adv_inst/CLKOUT2
                         net (fo=1, unplaced)         0.760     1.676    wizard_migcam/clk_camera_cw_fast
                         BUFG (Prop_bufg_I_O)         0.091     1.767 r  wizard_migcam/clkout3_buf/O
                         net (fo=304, unplaced)       0.439     2.206    clk_camera
                         FDRE                                         r  count_delay_reg[0]/C
                         clock pessimism             -0.459     1.747    
                         clock uncertainty           -0.067     1.681    
                         FDRE (Setup_fdre_C_R)       -0.557     1.124    count_delay_reg[0]
  -------------------------------------------------------------------
                         required time                          1.124    
                         arrival time                          -1.636    
  -------------------------------------------------------------------
                         slack                                 -0.513    





Min Delay Paths
--------------------------------------------------------------------------------------
Slack (MET) :             0.045ns  (arrival time - required time)
  Source:                 cdc_fifo/gnuram_async_fifo.xpm_fifo_base_inst/gen_cdc_pntr.rd_pntr_cdc_dc_inst/dest_graysync_ff_reg[0][0]/C
                            (rising edge-triggered cell FDRE clocked by clk_camera_cw_fast  {rise@0.000ns fall@2.500ns period=5.000ns})
  Destination:            cdc_fifo/gnuram_async_fifo.xpm_fifo_base_inst/gen_cdc_pntr.rd_pntr_cdc_dc_inst/dest_graysync_ff_reg[1][0]/D
                            (rising edge-triggered cell FDRE clocked by clk_camera_cw_fast  {rise@0.000ns fall@2.500ns period=5.000ns})
  Path Group:             clk_camera_cw_fast
  Path Type:              Hold (Min at Fast Process Corner)
  Requirement:            0.000ns  (clk_camera_cw_fast rise@0.000ns - clk_camera_cw_fast rise@0.000ns)
  Data Path Delay:        0.228ns  (logic 0.147ns (64.493%)  route 0.081ns (35.507%))
  Logic Levels:           0  
  Clock Path Skew:        0.145ns (DCD - SCD - CPR)
    Destination Clock Delay (DCD):    -0.587ns
    Source Clock Delay      (SCD):    -0.919ns
    Clock Pessimism Removal (CPR):    0.187ns

    Location             Delay type                Incr(ns)  Path(ns)    Netlist Resource(s)
  -------------------------------------------------------------------    -------------------
                         (clock clk_camera_cw_fast rise edge)
                                                      0.000     0.000 r  
    N15                                               0.000     0.000 r  clk_100mhz (IN)
                         net (fo=0)                   0.000     0.000    wizard_migcam/clk_100mhz
    N15                  IBUF (Prop_ibuf_I_O)         0.209     0.209 r  wizard_migcam/clkin1_ibufg/O
                         net (fo=1, unplaced)         0.114     0.323    wizard_migcam/clk_in1_cw_fast
                         PLLE2_ADV (Prop_plle2_adv_CLKIN1_CLKOUT2)
                                                     -1.719    -1.397 r  wizard_migcam/plle2_adv_inst/CLKOUT2
                         net (fo=1, unplaced)         0.337    -1.059    wizard_migcam/clk_camera_cw_fast
                         BUFG (Prop_bufg_I_O)         0.026    -1.033 r  wizard_migcam/clkout3_buf/O
                         net (fo=304, unplaced)       0.114    -0.919    cdc_fifo/gnuram_async_fifo.xpm_fifo_base_inst/gen_cdc_pntr.rd_pntr_cdc_dc_inst/dest_clk
                         FDRE                                         r  cdc_fifo/gnuram_async_fifo.xpm_fifo_base_inst/gen_cdc_pntr.rd_pntr_cdc_dc_inst/dest_graysync_ff_reg[0][0]/C
  -------------------------------------------------------------------    -------------------
                         FDRE (Prop_fdre_C_Q)         0.147    -0.772 r  cdc_fifo/gnuram_async_fifo.xpm_fifo_base_inst/gen_cdc_pntr.rd_pntr_cdc_dc_inst/dest_graysync_ff_reg[0][0]/Q
                         net (fo=1, unplaced)         0.081    -0.691    cdc_fifo/gnuram_async_fifo.xpm_fifo_base_inst/gen_cdc_pntr.rd_pntr_cdc_dc_inst/dest_graysync_ff[0][0]
                         FDRE                                         r  cdc_fifo/gnuram_async_fifo.xpm_fifo_base_inst/gen_cdc_pntr.rd_pntr_cdc_dc_inst/dest_graysync_ff_reg[1][0]/D
  -------------------------------------------------------------------    -------------------

                         (clock clk_camera_cw_fast rise edge)
                                                      0.000     0.000 r  
    N15                                               0.000     0.000 r  clk_100mhz (IN)
                         net (fo=0)                   0.000     0.000    wizard_migcam/clk_100mhz
    N15                  IBUF (Prop_ibuf_I_O)         0.396     0.396 r  wizard_migcam/clkin1_ibufg/O
                         net (fo=1, unplaced)         0.259     0.655    wizard_migcam/clk_in1_cw_fast
                         PLLE2_ADV (Prop_plle2_adv_CLKIN1_CLKOUT2)
                                                     -1.885    -1.230 r  wizard_migcam/plle2_adv_inst/CLKOUT2
                         net (fo=1, unplaced)         0.355    -0.875    wizard_migcam/clk_camera_cw_fast
                         BUFG (Prop_bufg_I_O)         0.029    -0.846 r  wizard_migcam/clkout3_buf/O
                         net (fo=304, unplaced)       0.259    -0.587    cdc_fifo/gnuram_async_fifo.xpm_fifo_base_inst/gen_cdc_pntr.rd_pntr_cdc_dc_inst/dest_clk
                         FDRE                                         r  cdc_fifo/gnuram_async_fifo.xpm_fifo_base_inst/gen_cdc_pntr.rd_pntr_cdc_dc_inst/dest_graysync_ff_reg[1][0]/C
                         clock pessimism             -0.187    -0.774    
                         FDRE (Hold_fdre_C_D)         0.038    -0.736    cdc_fifo/gnuram_async_fifo.xpm_fifo_base_inst/gen_cdc_pntr.rd_pntr_cdc_dc_inst/dest_graysync_ff_reg[1][0]
  -------------------------------------------------------------------
                         required time                          0.736    
                         arrival time                          -0.691    
  -------------------------------------------------------------------
                         slack                                  0.045    





Pulse Width Checks
--------------------------------------------------------------------------------------
Clock Name:         clk_camera_cw_fast
Waveform(ns):       { 0.000 2.500 }
Period(ns):         5.000
Sources:            { wizard_migcam/plle2_adv_inst/CLKOUT2 }

Check Type        Corner  Lib Pin             Reference Pin  Required(ns)  Actual(ns)  Slack(ns)  Location  Pin
Min Period        n/a     RAMB18E1/CLKARDCLK  n/a            2.944         5.000       2.056                registers/BRAM_reg/CLKARDCLK
Max Period        n/a     PLLE2_ADV/CLKOUT2   n/a            160.000       5.000       155.000              wizard_migcam/plle2_adv_inst/CLKOUT2
Low Pulse Width   Slow    FDRE/C              n/a            0.500         2.500       2.000                cam_h_sync_buf_reg[0]/C
High Pulse Width  Slow    FDRE/C              n/a            0.500         2.500       2.000                cam_h_sync_buf_reg[0]/C



---------------------------------------------------------------------------------------------------
From Clock:  clk_mig_cw_fast
  To Clock:  clk_mig_cw_fast

Setup :           NA  Failing Endpoints,  Worst Slack           NA  ,  Total Violation           NA
Hold  :           NA  Failing Endpoints,  Worst Slack           NA  ,  Total Violation           NA
PW    :            0  Failing Endpoints,  Worst Slack        2.845ns,  Total Violation        0.000ns
---------------------------------------------------------------------------------------------------


Pulse Width Checks
--------------------------------------------------------------------------------------
Clock Name:         clk_mig_cw_fast
Waveform(ns):       { 0.000 2.500 }
Period(ns):         5.000
Sources:            { wizard_migcam/plle2_adv_inst/CLKOUT1 }

Check Type  Corner  Lib Pin            Reference Pin  Required(ns)  Actual(ns)  Slack(ns)  Location  Pin
Min Period  n/a     BUFG/I             n/a            2.155         5.000       2.845                wizard_migcam/clkout2_buf/I
Max Period  n/a     PLLE2_ADV/CLKOUT1  n/a            160.000       5.000       155.000              wizard_migcam/plle2_adv_inst/CLKOUT1



---------------------------------------------------------------------------------------------------
From Clock:  clk_xc_cw_fast
  To Clock:  clk_xc_cw_fast

Setup :           NA  Failing Endpoints,  Worst Slack           NA  ,  Total Violation           NA
Hold  :           NA  Failing Endpoints,  Worst Slack           NA  ,  Total Violation           NA
PW    :            0  Failing Endpoints,  Worst Slack       37.845ns,  Total Violation        0.000ns
---------------------------------------------------------------------------------------------------


Pulse Width Checks
--------------------------------------------------------------------------------------
Clock Name:         clk_xc_cw_fast
Waveform(ns):       { 0.000 20.000 }
Period(ns):         40.000
Sources:            { wizard_migcam/plle2_adv_inst/CLKOUT3 }

Check Type  Corner  Lib Pin            Reference Pin  Required(ns)  Actual(ns)  Slack(ns)  Location  Pin
Min Period  n/a     BUFG/I             n/a            2.155         40.000      37.845               wizard_migcam/clkout4_buf/I
Max Period  n/a     PLLE2_ADV/CLKOUT3  n/a            160.000       40.000      120.000              wizard_migcam/plle2_adv_inst/CLKOUT3



---------------------------------------------------------------------------------------------------
From Clock:  clkfbout_cw_fast
  To Clock:  clkfbout_cw_fast

Setup :           NA  Failing Endpoints,  Worst Slack           NA  ,  Total Violation           NA
Hold  :           NA  Failing Endpoints,  Worst Slack           NA  ,  Total Violation           NA
PW    :            0  Failing Endpoints,  Worst Slack        7.845ns,  Total Violation        0.000ns
---------------------------------------------------------------------------------------------------


Pulse Width Checks
--------------------------------------------------------------------------------------
Clock Name:         clkfbout_cw_fast
Waveform(ns):       { 0.000 5.000 }
Period(ns):         10.000
Sources:            { wizard_migcam/plle2_adv_inst/CLKFBOUT }

Check Type  Corner  Lib Pin            Reference Pin  Required(ns)  Actual(ns)  Slack(ns)  Location  Pin
Min Period  n/a     BUFG/I             n/a            2.155         10.000      7.845                wizard_migcam/clkf_buf/I
Max Period  n/a     PLLE2_ADV/CLKFBIN  n/a            52.633        10.000      42.633               wizard_migcam/plle2_adv_inst/CLKFBIN



---------------------------------------------------------------------------------------------------
From Clock:  clk_camera_cw_fast
  To Clock:  clk_pixel_cw_hdmi

Setup :           14  Failing Endpoints,  Worst Slack       -1.497ns,  Total Violation      -20.810ns
Hold  :           14  Failing Endpoints,  Worst Slack       -0.489ns,  Total Violation       -6.841ns
---------------------------------------------------------------------------------------------------


Max Delay Paths
--------------------------------------------------------------------------------------
Slack (VIOLATED) :        -1.497ns  (required time - arrival time)
  Source:                 cdc_fifo/gnuram_async_fifo.xpm_fifo_base_inst/xpm_fifo_rst_inst/gen_rst_ic.fifo_wr_rst_ic_reg/C
                            (rising edge-triggered cell FDRE clocked by clk_camera_cw_fast  {rise@0.000ns fall@2.500ns period=5.000ns})
  Destination:            cdc_fifo/gnuram_async_fifo.xpm_fifo_base_inst/xpm_fifo_rst_inst/gen_rst_ic.wrst_rd_inst/syncstages_ff_reg[0]/D
                            (rising edge-triggered cell FDRE clocked by clk_pixel_cw_hdmi  {rise@0.000ns fall@6.734ns period=13.468ns})
  Path Group:             clk_pixel_cw_hdmi
  Path Type:              Setup (Max at Slow Process Corner)
  Requirement:            0.017ns  (clk_pixel_cw_hdmi rise@835.017ns - clk_camera_cw_fast rise@835.000ns)
  Data Path Delay:        0.801ns  (logic 0.456ns (56.929%)  route 0.345ns (43.071%))
  Logic Levels:           0  
  Clock Path Skew:        0.026ns (DCD - SCD + CPR)
    Destination Clock Delay (DCD):    -2.578ns = ( 832.439 - 835.017 ) 
    Source Clock Delay      (SCD):    -3.108ns = ( 831.892 - 835.000 ) 
    Clock Pessimism Removal (CPR):    -0.504ns
  Clock Uncertainty:      0.518ns  ((TSJ^2 + DJ^2)^1/2) / 2 + PE
    Total System Jitter     (TSJ):    0.071ns
    Discrete Jitter          (DJ):    0.340ns
    Phase Error              (PE):    0.345ns

    Location             Delay type                Incr(ns)  Path(ns)    Netlist Resource(s)
  -------------------------------------------------------------------    -------------------
                         (clock clk_camera_cw_fast rise edge)
                                                    835.000   835.000 r  
    N15                                               0.000   835.000 r  clk_100mhz (IN)
                         net (fo=0)                   0.000   835.000    wizard_migcam/clk_100mhz
    N15                  IBUF (Prop_ibuf_I_O)         1.440   836.440 r  wizard_migcam/clkin1_ibufg/O
                         net (fo=1, unplaced)         0.584   837.024    wizard_migcam/clk_in1_cw_fast
                         PLLE2_ADV (Prop_plle2_adv_CLKIN1_CLKOUT2)
                                                     -6.612   830.413 r  wizard_migcam/plle2_adv_inst/CLKOUT2
                         net (fo=1, unplaced)         0.800   831.212    wizard_migcam/clk_camera_cw_fast
                         BUFG (Prop_bufg_I_O)         0.096   831.308 r  wizard_migcam/clkout3_buf/O
                         net (fo=304, unplaced)       0.584   831.892    cdc_fifo/gnuram_async_fifo.xpm_fifo_base_inst/xpm_fifo_rst_inst/wr_clk
                         FDRE                                         r  cdc_fifo/gnuram_async_fifo.xpm_fifo_base_inst/xpm_fifo_rst_inst/gen_rst_ic.fifo_wr_rst_ic_reg/C
  -------------------------------------------------------------------    -------------------
                         FDRE (Prop_fdre_C_Q)         0.456   832.348 r  cdc_fifo/gnuram_async_fifo.xpm_fifo_base_inst/xpm_fifo_rst_inst/gen_rst_ic.fifo_wr_rst_ic_reg/Q
                         net (fo=2, unplaced)         0.345   832.693    cdc_fifo/gnuram_async_fifo.xpm_fifo_base_inst/xpm_fifo_rst_inst/gen_rst_ic.wrst_rd_inst/src_rst
                         FDRE                                         r  cdc_fifo/gnuram_async_fifo.xpm_fifo_base_inst/xpm_fifo_rst_inst/gen_rst_ic.wrst_rd_inst/syncstages_ff_reg[0]/D
  -------------------------------------------------------------------    -------------------

                         (clock clk_pixel_cw_hdmi rise edge)
                                                    835.017   835.017 r  
    N15                                               0.000   835.017 r  clk_100mhz (IN)
                         net (fo=0)                   0.000   835.017    wizard_migcam/clk_100mhz
    N15                  IBUF (Prop_ibuf_I_O)         1.370   836.387 r  wizard_migcam/clkin1_ibufg/O
                         net (fo=1, unplaced)         0.439   836.826    wizard_migcam/clk_in1_cw_fast
                         PLLE2_ADV (Prop_plle2_adv_CLKIN1_CLKOUT0)
                                                     -5.893   830.933 r  wizard_migcam/plle2_adv_inst/CLKOUT0
                         net (fo=1, unplaced)         0.760   831.693    wizard_migcam/clk_100_cw_fast
                         BUFG (Prop_bufg_I_O)         0.091   831.784 r  wizard_migcam/clkout1_buf/O
                         net (fo=1, unplaced)         0.439   832.223    wizard_hdmi/clk_100
                         MMCME2_ADV (Prop_mmcme2_adv_CLKIN1_CLKOUT0)
                                                     -1.290   830.933 r  wizard_hdmi/mmcm_adv_inst/CLKOUT0
                         net (fo=1, unplaced)         0.760   831.693    wizard_hdmi/clk_pixel_cw_hdmi
                         BUFG (Prop_bufg_I_O)         0.091   831.784 r  wizard_hdmi/clkout1_buf/O
                         net (fo=4211, unplaced)      0.655   832.439    cdc_fifo/gnuram_async_fifo.xpm_fifo_base_inst/xpm_fifo_rst_inst/gen_rst_ic.wrst_rd_inst/dest_clk
                         FDRE                                         r  cdc_fifo/gnuram_async_fifo.xpm_fifo_base_inst/xpm_fifo_rst_inst/gen_rst_ic.wrst_rd_inst/syncstages_ff_reg[0]/C
                         clock pessimism             -0.504   831.935    
                         clock uncertainty           -0.518   831.417    
                         FDRE (Setup_fdre_C_D)       -0.220   831.197    cdc_fifo/gnuram_async_fifo.xpm_fifo_base_inst/xpm_fifo_rst_inst/gen_rst_ic.wrst_rd_inst/syncstages_ff_reg[0]
  -------------------------------------------------------------------
                         required time                        831.197    
                         arrival time                        -832.693    
  -------------------------------------------------------------------
                         slack                                 -1.497    





Min Delay Paths
--------------------------------------------------------------------------------------
Slack (VIOLATED) :        -0.489ns  (arrival time - required time)
  Source:                 cdc_fifo/gnuram_async_fifo.xpm_fifo_base_inst/gen_cdc_pntr.wr_pntr_cdc_dc_inst/src_gray_ff_reg[0]/C
                            (rising edge-triggered cell FDRE clocked by clk_camera_cw_fast  {rise@0.000ns fall@2.500ns period=5.000ns})
  Destination:            cdc_fifo/gnuram_async_fifo.xpm_fifo_base_inst/gen_cdc_pntr.wr_pntr_cdc_dc_inst/dest_graysync_ff_reg[0][0]/D
                            (rising edge-triggered cell FDRE clocked by clk_pixel_cw_hdmi  {rise@0.000ns fall@6.734ns period=13.468ns})
  Path Group:             clk_pixel_cw_hdmi
  Path Type:              Hold (Min at Fast Process Corner)
  Requirement:            0.000ns  (clk_pixel_cw_hdmi rise@0.000ns - clk_camera_cw_fast rise@0.000ns)
  Data Path Delay:        0.282ns  (logic 0.141ns (50.038%)  route 0.141ns (49.962%))
  Logic Levels:           0  
  Clock Path Skew:        0.262ns (DCD - SCD - CPR)
    Destination Clock Delay (DCD):    -0.491ns
    Source Clock Delay      (SCD):    -0.919ns
    Clock Pessimism Removal (CPR):    0.167ns
  Clock Uncertainty:      0.518ns  ((TSJ^2 + DJ^2)^1/2) / 2 + PE
    Total System Jitter     (TSJ):    0.071ns
    Discrete Jitter          (DJ):    0.340ns
    Phase Error              (PE):    0.345ns

    Location             Delay type                Incr(ns)  Path(ns)    Netlist Resource(s)
  -------------------------------------------------------------------    -------------------
                         (clock clk_camera_cw_fast rise edge)
                                                      0.000     0.000 r  
    N15                                               0.000     0.000 r  clk_100mhz (IN)
                         net (fo=0)                   0.000     0.000    wizard_migcam/clk_100mhz
    N15                  IBUF (Prop_ibuf_I_O)         0.209     0.209 r  wizard_migcam/clkin1_ibufg/O
                         net (fo=1, unplaced)         0.114     0.323    wizard_migcam/clk_in1_cw_fast
                         PLLE2_ADV (Prop_plle2_adv_CLKIN1_CLKOUT2)
                                                     -1.719    -1.397 r  wizard_migcam/plle2_adv_inst/CLKOUT2
                         net (fo=1, unplaced)         0.337    -1.059    wizard_migcam/clk_camera_cw_fast
                         BUFG (Prop_bufg_I_O)         0.026    -1.033 r  wizard_migcam/clkout3_buf/O
                         net (fo=304, unplaced)       0.114    -0.919    cdc_fifo/gnuram_async_fifo.xpm_fifo_base_inst/gen_cdc_pntr.wr_pntr_cdc_dc_inst/src_clk
                         FDRE                                         r  cdc_fifo/gnuram_async_fifo.xpm_fifo_base_inst/gen_cdc_pntr.wr_pntr_cdc_dc_inst/src_gray_ff_reg[0]/C
  -------------------------------------------------------------------    -------------------
                         FDRE (Prop_fdre_C_Q)         0.141    -0.778 r  cdc_fifo/gnuram_async_fifo.xpm_fifo_base_inst/gen_cdc_pntr.wr_pntr_cdc_dc_inst/src_gray_ff_reg[0]/Q
                         net (fo=1, unplaced)         0.141    -0.638    cdc_fifo/gnuram_async_fifo.xpm_fifo_base_inst/gen_cdc_pntr.wr_pntr_cdc_dc_inst/async_path[0]
                         FDRE                                         r  cdc_fifo/gnuram_async_fifo.xpm_fifo_base_inst/gen_cdc_pntr.wr_pntr_cdc_dc_inst/dest_graysync_ff_reg[0][0]/D
  -------------------------------------------------------------------    -------------------

                         (clock clk_pixel_cw_hdmi rise edge)
                                                      0.000     0.000 r  
    N15                                               0.000     0.000 r  clk_100mhz (IN)
                         net (fo=0)                   0.000     0.000    wizard_migcam/clk_100mhz
    N15                  IBUF (Prop_ibuf_I_O)         0.396     0.396 r  wizard_migcam/clkin1_ibufg/O
                         net (fo=1, unplaced)         0.259     0.655    wizard_migcam/clk_in1_cw_fast
                         PLLE2_ADV (Prop_plle2_adv_CLKIN1_CLKOUT0)
                                                     -1.885    -1.230 r  wizard_migcam/plle2_adv_inst/CLKOUT0
                         net (fo=1, unplaced)         0.355    -0.875    wizard_migcam/clk_100_cw_fast
                         BUFG (Prop_bufg_I_O)         0.029    -0.846 r  wizard_migcam/clkout1_buf/O
                         net (fo=1, unplaced)         0.259    -0.587    wizard_hdmi/clk_100
                         MMCME2_ADV (Prop_mmcme2_adv_CLKIN1_CLKOUT0)
                                                     -0.643    -1.230 r  wizard_hdmi/mmcm_adv_inst/CLKOUT0
                         net (fo=1, unplaced)         0.355    -0.875    wizard_hdmi/clk_pixel_cw_hdmi
                         BUFG (Prop_bufg_I_O)         0.029    -0.846 r  wizard_hdmi/clkout1_buf/O
                         net (fo=4211, unplaced)      0.355    -0.491    cdc_fifo/gnuram_async_fifo.xpm_fifo_base_inst/gen_cdc_pntr.wr_pntr_cdc_dc_inst/dest_clk
                         FDRE                                         r  cdc_fifo/gnuram_async_fifo.xpm_fifo_base_inst/gen_cdc_pntr.wr_pntr_cdc_dc_inst/dest_graysync_ff_reg[0][0]/C
                         clock pessimism             -0.167    -0.658    
                         clock uncertainty            0.518    -0.140    
                         FDRE (Hold_fdre_C_D)        -0.009    -0.149    cdc_fifo/gnuram_async_fifo.xpm_fifo_base_inst/gen_cdc_pntr.wr_pntr_cdc_dc_inst/dest_graysync_ff_reg[0][0]
  -------------------------------------------------------------------
                         required time                          0.149    
                         arrival time                          -0.638    
  -------------------------------------------------------------------
                         slack                                 -0.489    





---------------------------------------------------------------------------------------------------
From Clock:  clk_pixel_cw_hdmi
  To Clock:  clk_camera_cw_fast

Setup :           14  Failing Endpoints,  Worst Slack       -1.981ns,  Total Violation      -26.743ns
Hold  :           14  Failing Endpoints,  Worst Slack       -0.285ns,  Total Violation       -3.958ns
---------------------------------------------------------------------------------------------------


Max Delay Paths
--------------------------------------------------------------------------------------
Slack (VIOLATED) :        -1.981ns  (required time - arrival time)
  Source:                 cdc_fifo/gnuram_async_fifo.xpm_fifo_base_inst/xpm_fifo_rst_inst/gen_rst_ic.fifo_rd_rst_ic_reg/C
                            (rising edge-triggered cell FDRE clocked by clk_pixel_cw_hdmi  {rise@0.000ns fall@6.734ns period=13.468ns})
  Destination:            cdc_fifo/gnuram_async_fifo.xpm_fifo_base_inst/xpm_fifo_rst_inst/gen_rst_ic.rrst_wr_inst/syncstages_ff_reg[0]/D
                            (rising edge-triggered cell FDRE clocked by clk_camera_cw_fast  {rise@0.000ns fall@2.500ns period=5.000ns})
  Path Group:             clk_camera_cw_fast
  Path Type:              Setup (Max at Slow Process Corner)
  Requirement:            0.017ns  (clk_camera_cw_fast rise@3165.000ns - clk_pixel_cw_hdmi rise@3164.983ns)
  Data Path Delay:        0.866ns  (logic 0.456ns (52.656%)  route 0.410ns (47.344%))
  Logic Levels:           0  
  Clock Path Skew:        -0.406ns (DCD - SCD + CPR)
    Destination Clock Delay (DCD):    -2.794ns = ( 3162.206 - 3165.000 ) 
    Source Clock Delay      (SCD):    -2.892ns = ( 3162.091 - 3164.983 ) 
    Clock Pessimism Removal (CPR):    -0.504ns
  Clock Uncertainty:      0.506ns  ((TSJ^2 + DJ^2)^1/2) / 2 + PE
    Total System Jitter     (TSJ):    0.071ns
    Discrete Jitter          (DJ):    0.329ns
    Phase Error              (PE):    0.338ns

    Location             Delay type                Incr(ns)  Path(ns)    Netlist Resource(s)
  -------------------------------------------------------------------    -------------------
                         (clock clk_pixel_cw_hdmi rise edge)
                                                   3164.983  3164.983 r  
    N15                                               0.000  3164.983 r  clk_100mhz (IN)
                         net (fo=0)                   0.000  3164.983    wizard_migcam/clk_100mhz
    N15                  IBUF (Prop_ibuf_I_O)         1.440  3166.424 r  wizard_migcam/clkin1_ibufg/O
                         net (fo=1, unplaced)         0.584  3167.008    wizard_migcam/clk_in1_cw_fast
                         PLLE2_ADV (Prop_plle2_adv_CLKIN1_CLKOUT0)
                                                     -6.612  3160.396 r  wizard_migcam/plle2_adv_inst/CLKOUT0
                         net (fo=1, unplaced)         0.800  3161.196    wizard_migcam/clk_100_cw_fast
                         BUFG (Prop_bufg_I_O)         0.096  3161.292 r  wizard_migcam/clkout1_buf/O
                         net (fo=1, unplaced)         0.584  3161.875    wizard_hdmi/clk_100
                         MMCME2_ADV (Prop_mmcme2_adv_CLKIN1_CLKOUT0)
                                                     -1.480  3160.396 r  wizard_hdmi/mmcm_adv_inst/CLKOUT0
                         net (fo=1, unplaced)         0.800  3161.196    wizard_hdmi/clk_pixel_cw_hdmi
                         BUFG (Prop_bufg_I_O)         0.096  3161.292 r  wizard_hdmi/clkout1_buf/O
                         net (fo=4211, unplaced)      0.800  3162.091    cdc_fifo/gnuram_async_fifo.xpm_fifo_base_inst/xpm_fifo_rst_inst/rd_clk
                         FDRE                                         r  cdc_fifo/gnuram_async_fifo.xpm_fifo_base_inst/xpm_fifo_rst_inst/gen_rst_ic.fifo_rd_rst_ic_reg/C
  -------------------------------------------------------------------    -------------------
                         FDRE (Prop_fdre_C_Q)         0.456  3162.547 r  cdc_fifo/gnuram_async_fifo.xpm_fifo_base_inst/xpm_fifo_rst_inst/gen_rst_ic.fifo_rd_rst_ic_reg/Q
                         net (fo=39, unplaced)        0.410  3162.957    cdc_fifo/gnuram_async_fifo.xpm_fifo_base_inst/xpm_fifo_rst_inst/gen_rst_ic.rrst_wr_inst/src_rst
                         FDRE                                         r  cdc_fifo/gnuram_async_fifo.xpm_fifo_base_inst/xpm_fifo_rst_inst/gen_rst_ic.rrst_wr_inst/syncstages_ff_reg[0]/D
  -------------------------------------------------------------------    -------------------

                         (clock clk_camera_cw_fast rise edge)
                                                   3165.000  3165.000 r  
    N15                                               0.000  3165.000 r  clk_100mhz (IN)
                         net (fo=0)                   0.000  3165.000    wizard_migcam/clk_100mhz
    N15                  IBUF (Prop_ibuf_I_O)         1.370  3166.370 r  wizard_migcam/clkin1_ibufg/O
                         net (fo=1, unplaced)         0.439  3166.809    wizard_migcam/clk_in1_cw_fast
                         PLLE2_ADV (Prop_plle2_adv_CLKIN1_CLKOUT2)
                                                     -5.893  3160.916 r  wizard_migcam/plle2_adv_inst/CLKOUT2
                         net (fo=1, unplaced)         0.760  3161.676    wizard_migcam/clk_camera_cw_fast
                         BUFG (Prop_bufg_I_O)         0.091  3161.767 r  wizard_migcam/clkout3_buf/O
                         net (fo=304, unplaced)       0.439  3162.206    cdc_fifo/gnuram_async_fifo.xpm_fifo_base_inst/xpm_fifo_rst_inst/gen_rst_ic.rrst_wr_inst/dest_clk
                         FDRE                                         r  cdc_fifo/gnuram_async_fifo.xpm_fifo_base_inst/xpm_fifo_rst_inst/gen_rst_ic.rrst_wr_inst/syncstages_ff_reg[0]/C
                         clock pessimism             -0.504  3161.702    
                         clock uncertainty           -0.506  3161.196    
                         FDRE (Setup_fdre_C_D)       -0.220  3160.976    cdc_fifo/gnuram_async_fifo.xpm_fifo_base_inst/xpm_fifo_rst_inst/gen_rst_ic.rrst_wr_inst/syncstages_ff_reg[0]
  -------------------------------------------------------------------
                         required time                       3160.976    
                         arrival time                       -3162.957    
  -------------------------------------------------------------------
                         slack                                 -1.981    





Min Delay Paths
--------------------------------------------------------------------------------------
Slack (VIOLATED) :        -0.285ns  (arrival time - required time)
  Source:                 cdc_fifo/gnuram_async_fifo.xpm_fifo_base_inst/gen_cdc_pntr.rd_pntr_cdc_dc_inst/src_gray_ff_reg[0]/C
                            (rising edge-triggered cell FDRE clocked by clk_pixel_cw_hdmi  {rise@0.000ns fall@6.734ns period=13.468ns})
  Destination:            cdc_fifo/gnuram_async_fifo.xpm_fifo_base_inst/gen_cdc_pntr.rd_pntr_cdc_dc_inst/dest_graysync_ff_reg[0][0]/D
                            (rising edge-triggered cell FDRE clocked by clk_camera_cw_fast  {rise@0.000ns fall@2.500ns period=5.000ns})
  Path Group:             clk_camera_cw_fast
  Path Type:              Hold (Min at Fast Process Corner)
  Requirement:            0.000ns  (clk_camera_cw_fast rise@0.000ns - clk_pixel_cw_hdmi rise@0.000ns)
  Data Path Delay:        0.282ns  (logic 0.141ns (50.038%)  route 0.141ns (49.962%))
  Logic Levels:           0  
  Clock Path Skew:        0.070ns (DCD - SCD - CPR)
    Destination Clock Delay (DCD):    -0.587ns
    Source Clock Delay      (SCD):    -0.824ns
    Clock Pessimism Removal (CPR):    0.167ns
  Clock Uncertainty:      0.506ns  ((TSJ^2 + DJ^2)^1/2) / 2 + PE
    Total System Jitter     (TSJ):    0.071ns
    Discrete Jitter          (DJ):    0.329ns
    Phase Error              (PE):    0.338ns

    Location             Delay type                Incr(ns)  Path(ns)    Netlist Resource(s)
  -------------------------------------------------------------------    -------------------
                         (clock clk_pixel_cw_hdmi rise edge)
                                                      0.000     0.000 r  
    N15                                               0.000     0.000 r  clk_100mhz (IN)
                         net (fo=0)                   0.000     0.000    wizard_migcam/clk_100mhz
    N15                  IBUF (Prop_ibuf_I_O)         0.209     0.209 r  wizard_migcam/clkin1_ibufg/O
                         net (fo=1, unplaced)         0.114     0.323    wizard_migcam/clk_in1_cw_fast
                         PLLE2_ADV (Prop_plle2_adv_CLKIN1_CLKOUT0)
                                                     -1.719    -1.397 r  wizard_migcam/plle2_adv_inst/CLKOUT0
                         net (fo=1, unplaced)         0.337    -1.059    wizard_migcam/clk_100_cw_fast
                         BUFG (Prop_bufg_I_O)         0.026    -1.033 r  wizard_migcam/clkout1_buf/O
                         net (fo=1, unplaced)         0.114    -0.919    wizard_hdmi/clk_100
                         MMCME2_ADV (Prop_mmcme2_adv_CLKIN1_CLKOUT0)
                                                     -0.477    -1.397 r  wizard_hdmi/mmcm_adv_inst/CLKOUT0
                         net (fo=1, unplaced)         0.337    -1.059    wizard_hdmi/clk_pixel_cw_hdmi
                         BUFG (Prop_bufg_I_O)         0.026    -1.033 r  wizard_hdmi/clkout1_buf/O
                         net (fo=4211, unplaced)      0.210    -0.824    cdc_fifo/gnuram_async_fifo.xpm_fifo_base_inst/gen_cdc_pntr.rd_pntr_cdc_dc_inst/src_clk
                         FDRE                                         r  cdc_fifo/gnuram_async_fifo.xpm_fifo_base_inst/gen_cdc_pntr.rd_pntr_cdc_dc_inst/src_gray_ff_reg[0]/C
  -------------------------------------------------------------------    -------------------
                         FDRE (Prop_fdre_C_Q)         0.141    -0.683 r  cdc_fifo/gnuram_async_fifo.xpm_fifo_base_inst/gen_cdc_pntr.rd_pntr_cdc_dc_inst/src_gray_ff_reg[0]/Q
                         net (fo=1, unplaced)         0.141    -0.542    cdc_fifo/gnuram_async_fifo.xpm_fifo_base_inst/gen_cdc_pntr.rd_pntr_cdc_dc_inst/async_path[0]
                         FDRE                                         r  cdc_fifo/gnuram_async_fifo.xpm_fifo_base_inst/gen_cdc_pntr.rd_pntr_cdc_dc_inst/dest_graysync_ff_reg[0][0]/D
  -------------------------------------------------------------------    -------------------

                         (clock clk_camera_cw_fast rise edge)
                                                      0.000     0.000 r  
    N15                                               0.000     0.000 r  clk_100mhz (IN)
                         net (fo=0)                   0.000     0.000    wizard_migcam/clk_100mhz
    N15                  IBUF (Prop_ibuf_I_O)         0.396     0.396 r  wizard_migcam/clkin1_ibufg/O
                         net (fo=1, unplaced)         0.259     0.655    wizard_migcam/clk_in1_cw_fast
                         PLLE2_ADV (Prop_plle2_adv_CLKIN1_CLKOUT2)
                                                     -1.885    -1.230 r  wizard_migcam/plle2_adv_inst/CLKOUT2
                         net (fo=1, unplaced)         0.355    -0.875    wizard_migcam/clk_camera_cw_fast
                         BUFG (Prop_bufg_I_O)         0.029    -0.846 r  wizard_migcam/clkout3_buf/O
                         net (fo=304, unplaced)       0.259    -0.587    cdc_fifo/gnuram_async_fifo.xpm_fifo_base_inst/gen_cdc_pntr.rd_pntr_cdc_dc_inst/dest_clk
                         FDRE                                         r  cdc_fifo/gnuram_async_fifo.xpm_fifo_base_inst/gen_cdc_pntr.rd_pntr_cdc_dc_inst/dest_graysync_ff_reg[0][0]/C
                         clock pessimism             -0.167    -0.754    
                         clock uncertainty            0.506    -0.248    
                         FDRE (Hold_fdre_C_D)        -0.009    -0.257    cdc_fifo/gnuram_async_fifo.xpm_fifo_base_inst/gen_cdc_pntr.rd_pntr_cdc_dc_inst/dest_graysync_ff_reg[0][0]
  -------------------------------------------------------------------
                         required time                          0.257    
                         arrival time                          -0.542    
  -------------------------------------------------------------------
                         slack                                 -0.285    





