Copyright 1986-2022 Xilinx, Inc. All Rights Reserved. Copyright 2022-2025 Advanced Micro Devices, Inc. All Rights Reserved.
---------------------------------------------------------------------------------------------------------------------------------------------
| Tool Version : Vivado v.2025.1 (lin64) Build 6140274 Wed May 21 22:58:25 MDT 2025
| Date         : Sun Dec  7 19:56:09 2025
| Host         : eecs-digital-09 running 64-bit Ubuntu 24.04.3 LTS
| Command      : report_utilization -file obj/post_synth_util.rpt -hierarchical -hierarchical_depth 4 -hierarchical_min_primitive_count 0
| Design       : top_level
| Device       : xc7s50csga324-1
| Speed File   : -1
| Design State : Synthesized
---------------------------------------------------------------------------------------------------------------------------------------------

Utilization Design Information

Table of Contents
-----------------
1. Utilization by Hierarchy

1. Utilization by Hierarchy
---------------------------

+----------------------------------------------+---------------------------------------------------+------------+------------+---------+------+------+--------+--------+------------+
|                   Instance                   |                       Module                      | Total LUTs | Logic LUTs | LUTRAMs | SRLs |  FFs | RAMB36 | RAMB18 | DSP Blocks |
+----------------------------------------------+---------------------------------------------------+------------+------------+---------+------+------+--------+--------+------------+
| top_level                                    |                                             (top) |      13552 |      13530 |       0 |   22 | 4519 |      3 |      1 |         68 |
|   (top_level)                                |                                             (top) |         34 |         12 |       0 |   22 |  239 |      0 |      0 |          4 |
|   blue_ser                                   |                                   tmds_serializer |          0 |          0 |       0 |    0 |    0 |      0 |      0 |          0 |
|   cdc_fifo                                   |                                    xpm_fifo_async |        122 |        122 |       0 |    0 |  173 |      1 |      0 |          0 |
|     (cdc_fifo)                               |                                    xpm_fifo_async |          0 |          0 |       0 |    0 |    0 |      0 |      0 |          0 |
|     gnuram_async_fifo.xpm_fifo_base_inst     |                                     xpm_fifo_base |        122 |        122 |       0 |    0 |  173 |      1 |      0 |          0 |
|       (gnuram_async_fifo.xpm_fifo_base_inst) |                                     xpm_fifo_base |          2 |          2 |       0 |    0 |   19 |      0 |      0 |          0 |
|       gen_cdc_pntr.rd_pntr_cdc_dc_inst       |                      xpm_cdc_gray__parameterized0 |          9 |          9 |       0 |    0 |   21 |      0 |      0 |          0 |
|       gen_cdc_pntr.rd_pntr_cdc_inst          |                                      xpm_cdc_gray |          8 |          8 |       0 |    0 |   18 |      0 |      0 |          0 |
|       gen_cdc_pntr.rpw_gray_reg              |                                  xpm_fifo_reg_vec |          5 |          5 |       0 |    0 |    6 |      0 |      0 |          0 |
|       gen_cdc_pntr.rpw_gray_reg_dc           |                  xpm_fifo_reg_vec__parameterized0 |          0 |          0 |       0 |    0 |    7 |      0 |      0 |          0 |
|       gen_cdc_pntr.wpr_gray_reg              |                               xpm_fifo_reg_vec_10 |          6 |          6 |       0 |    0 |    6 |      0 |      0 |          0 |
|       gen_cdc_pntr.wpr_gray_reg_dc           |               xpm_fifo_reg_vec__parameterized0_11 |          7 |          7 |       0 |    0 |    7 |      0 |      0 |          0 |
|       gen_cdc_pntr.wr_pntr_cdc_dc_inst       |                   xpm_cdc_gray__parameterized0__1 |          9 |          9 |       0 |    0 |   21 |      0 |      0 |          0 |
|       gen_cdc_pntr.wr_pntr_cdc_inst          |                                   xpm_cdc_gray__1 |          8 |          8 |       0 |    0 |   18 |      0 |      0 |          0 |
|       gen_sdpram.xpm_memory_base_inst        |                                   xpm_memory_base |          1 |          1 |       0 |    0 |    0 |      1 |      0 |          0 |
|       rdp_inst                               |                                  xpm_counter_updn |         12 |         12 |       0 |    0 |    7 |      0 |      0 |          0 |
|       rdpp1_inst                             |                  xpm_counter_updn__parameterized0 |          5 |          5 |       0 |    0 |    6 |      0 |      0 |          0 |
|       rst_d1_inst                            |                                  xpm_fifo_reg_bit |          2 |          2 |       0 |    0 |    1 |      0 |      0 |          0 |
|       wrp_inst                               |                               xpm_counter_updn_12 |         13 |         13 |       0 |    0 |    7 |      0 |      0 |          0 |
|       wrpp1_inst                             |               xpm_counter_updn__parameterized0_13 |         11 |         11 |       0 |    0 |    6 |      0 |      0 |          0 |
|       wrpp2_inst                             |                  xpm_counter_updn__parameterized1 |          5 |          5 |       0 |    0 |    6 |      0 |      0 |          0 |
|       xpm_fifo_rst_inst                      |                                      xpm_fifo_rst |         20 |         20 |       0 |    0 |   17 |      0 |      0 |          0 |
|         (xpm_fifo_rst_inst)                  |                                      xpm_fifo_rst |         20 |         20 |       0 |    0 |   13 |      0 |      0 |          0 |
|         gen_rst_ic.rrst_wr_inst              |                                  xpm_cdc_sync_rst |          0 |          0 |       0 |    0 |    2 |      0 |      0 |          0 |
|         gen_rst_ic.wrst_rd_inst              |                               xpm_cdc_sync_rst__1 |          0 |          0 |       0 |    0 |    2 |      0 |      0 |          0 |
|   checker_inst                               |                                      path_checker |       1667 |       1667 |       0 |    0 |    4 |      0 |      0 |         60 |
|   com_p1                                     |                                    center_of_mass |        282 |        282 |       0 |    0 |  319 |      0 |      0 |          0 |
|     (com_p1)                                 |                                    center_of_mass |        106 |        106 |       0 |    0 |  143 |      0 |      0 |          0 |
|     divider_x                                |                                         divider_8 |         90 |         90 |       0 |    0 |   89 |      0 |      0 |          0 |
|     divider_y                                |                                         divider_9 |         86 |         86 |       0 |    0 |   87 |      0 |      0 |          0 |
|   com_p2                                     |                                  center_of_mass_0 |        282 |        282 |       0 |    0 |  308 |      0 |      0 |          0 |
|     (com_p2)                                 |                                  center_of_mass_0 |        106 |        106 |       0 |    0 |  132 |      0 |      0 |          0 |
|     divider_x                                |                                           divider |         90 |         90 |       0 |    0 |   89 |      0 |      0 |          0 |
|     divider_y                                |                                         divider_7 |         86 |         86 |       0 |    0 |   87 |      0 |      0 |          0 |
|   crw                                        |                                  camera_registers |        114 |        114 |       0 |    0 |  104 |      0 |      0 |          0 |
|     (crw)                                    |                                  camera_registers |         14 |         14 |       0 |    0 |   42 |      0 |      0 |          0 |
|     aia                                      |                                    addr_increment |          8 |          8 |       0 |    0 |    9 |      0 |      0 |          0 |
|     sccb_c                                   |                                        i2c_master |         92 |         92 |       0 |    0 |   53 |      0 |      0 |          0 |
|   frame_buffer                               |      xilinx_true_dual_port_read_first_2_clock_ram |          0 |          0 |       0 |    0 |    0 |      2 |      0 |          0 |
|   fsm_inst                                   |                                          game_fsm |         16 |         16 |       0 |    0 |   15 |      0 |      0 |          0 |
|   green_ser                                  |                                 tmds_serializer_1 |          0 |          0 |       0 |    0 |    0 |      0 |      0 |          0 |
|   path_left                                  |                                      autopath_gen |       5279 |       5279 |       0 |    0 | 1590 |      0 |      0 |          0 |
|   path_right                                 |                                    autopath_gen_2 |       5242 |       5242 |       0 |    0 | 1590 |      0 |      0 |          0 |
|   pixel_rec                                  |                                 pixel_reconstruct |         34 |         34 |       0 |    0 |   50 |      0 |      0 |          0 |
|   red_ser                                    |                                 tmds_serializer_3 |          1 |          1 |       0 |    0 |    1 |      0 |      0 |          0 |
|   red_thresh                                 |                                         threshold |          1 |          1 |       0 |    0 |    1 |      0 |      0 |          0 |
|   registers                                  | xilinx_single_port_ram_read_first__parameterized1 |          7 |          7 |       0 |    0 |    0 |      0 |      1 |          0 |
|   rgbtoycrcb_m                               |                                      rgb_to_ycrcb |         56 |         56 |       0 |    0 |   32 |      0 |      0 |          4 |
|   score_disp                                 |                                         score_ssc |         18 |         18 |       0 |    0 |   25 |      0 |      0 |          0 |
|   tmds_blue                                  |                                      tmds_encoder |         63 |         63 |       0 |    0 |   15 |      0 |      0 |          0 |
|   tmds_green                                 |                                    tmds_encoder_4 |          3 |          3 |       0 |    0 |   15 |      0 |      0 |          0 |
|   tmds_red                                   |                                    tmds_encoder_5 |          3 |          3 |       0 |    0 |   15 |      0 |      0 |          0 |
|   vsg                                        |                                     video_sig_gen |        323 |        323 |       0 |    0 |   22 |      0 |      0 |          0 |
|   wizard_hdmi                                |                                   cw_hdmi_clk_wiz |          0 |          0 |       0 |    0 |    0 |      0 |      0 |          0 |
|   wizard_migcam                              |                                   cw_fast_clk_wiz |          4 |          4 |       0 |    0 |    0 |      0 |      0 |          0 |
|   yel_thresh                                 |                                       threshold_6 |          1 |          1 |       0 |    0 |    1 |      0 |      0 |          0 |
+----------------------------------------------+---------------------------------------------------+------------+------------+---------+------+------+--------+--------+------------+


