#! /usr/bin/vvp
:ivl_version "12.0 (stable)";
:ivl_delay_selection "TYPICAL";
:vpi_time_precision - 12;
:vpi_module "/usr/lib/x86_64-linux-gnu/ivl/system.vpi";
:vpi_module "/usr/lib/x86_64-linux-gnu/ivl/vhdl_sys.vpi";
:vpi_module "/usr/lib/x86_64-linux-gnu/ivl/vhdl_textio.vpi";
:vpi_module "/usr/lib/x86_64-linux-gnu/ivl/v2005_math.vpi";
:vpi_module "/usr/lib/x86_64-linux-gnu/ivl/va_math.vpi";
:vpi_module "/usr/lib/x86_64-linux-gnu/ivl/v2009.vpi";
S_0x581cee6da490 .scope package, "$unit" "$unit" 2 1;
 .timescale 0 0;
S_0x581cee6da620 .scope module, "autopath_gen" "autopath_gen" 3 5;
 .timescale -9 -12;
    .port_info 0 /INPUT 1 "clk";
    .port_info 1 /INPUT 1 "rst";
    .port_info 2 /INPUT 1 "new_frame";
    .port_info 3 /INPUT 4 "cell_x";
    .port_info 4 /INPUT 4 "cell_y";
    .port_info 5 /INPUT 1 "shift_left_req";
    .port_info 6 /INPUT 1 "shift_right_req";
    .port_info 7 /OUTPUT 1 "cell_on";
P_0x581cee709430 .param/l "FPS" 0 3 8, +C4<00000000000000000000000000111100>;
P_0x581cee709470 .param/l "FRAMES_30S" 1 3 21, +C4<00000000000000000000011100001000>;
P_0x581cee7094b0 .param/l "GRID_H" 0 3 7, +C4<00000000000000000000000000001010>;
P_0x581cee7094f0 .param/l "GRID_W" 0 3 6, +C4<00000000000000000000000000001010>;
P_0x581cee709530 .param/str "INIT_FILE" 0 3 9, "data/autopath_init.mem";
P_0x581cee709570 .param/l "SHRINK_STEP_FRAMES" 1 3 22, +C4<00000000000000000000000000111100>;
L_0x581cee73a410 .functor AND 1, L_0x581cee73a1e0, L_0x581cee73a310, C4<1>, C4<1>;
v0x581cee7098f0_0 .net *"_ivl_2", 0 0, L_0x581cee73a1e0;  1 drivers
v0x581cee738bc0_0 .net *"_ivl_4", 0 0, L_0x581cee73a310;  1 drivers
v0x581cee738c80_0 .net "base_cell_on", 0 0, L_0x581cee73a0e0;  1 drivers
v0x581cee738d20_0 .var "base_x", 3 0;
v0x581cee738e00_0 .var "cell_on", 0 0;
o0x7f51ddb9b108 .functor BUFZ 4, C4<zzzz>; HiZ drive
v0x581cee738f10_0 .net "cell_x", 3 0, o0x7f51ddb9b108;  0 drivers
v0x581cee738ff0_0 .var "cell_x_r", 3 0;
o0x7f51ddb9b168 .functor BUFZ 4, C4<zzzz>; HiZ drive
v0x581cee7390d0_0 .net "cell_y", 3 0, o0x7f51ddb9b168;  0 drivers
v0x581cee7391b0_0 .var "cell_y_r", 3 0;
o0x7f51ddb9b1c8 .functor BUFZ 1, C4<z>; HiZ drive
v0x581cee739290_0 .net "clk", 0 0, o0x7f51ddb9b1c8;  0 drivers
v0x581cee739350_0 .var "col_offset", 3 0;
v0x581cee739430_0 .var "frame_cnt_30s", 10 0;
v0x581cee739510_0 .net "in_window", 0 0, L_0x581cee73a410;  1 drivers
v0x581cee7395d0_0 .var "max_x", 3 0;
v0x581cee7396b0_0 .var "min_x", 3 0;
o0x7f51ddb9b2e8 .functor BUFZ 1, C4<z>; HiZ drive
v0x581cee739790_0 .net "new_frame", 0 0, o0x7f51ddb9b2e8;  0 drivers
v0x581cee739850_0 .var "row_bits", 9 0;
v0x581cee739a40_0 .var "row_cur", 3 0;
o0x7f51ddb9b378 .functor BUFZ 1, C4<z>; HiZ drive
v0x581cee739b20_0 .net "rst", 0 0, o0x7f51ddb9b378;  0 drivers
o0x7f51ddb9b3a8 .functor BUFZ 1, C4<z>; HiZ drive
v0x581cee739be0_0 .net "shift_left_req", 0 0, o0x7f51ddb9b3a8;  0 drivers
o0x7f51ddb9b3d8 .functor BUFZ 1, C4<z>; HiZ drive
v0x581cee739ca0_0 .net "shift_right_req", 0 0, o0x7f51ddb9b3d8;  0 drivers
v0x581cee739d60_0 .var "shrink_frame_cnt", 5 0;
v0x581cee739e40_0 .var "shrink_mode", 0 0;
v0x581cee739f00_0 .var "sum_x", 4 0;
E_0x581cee717840 .event posedge, v0x581cee739290_0;
E_0x581cee717a60 .event anyedge, v0x581cee738ff0_0, v0x581cee739350_0, v0x581cee739f00_0;
L_0x581cee73a0e0 .part/v v0x581cee739850_0, v0x581cee738d20_0, 1;
L_0x581cee73a1e0 .cmp/ge 4, v0x581cee738ff0_0, v0x581cee7396b0_0;
L_0x581cee73a310 .cmp/ge 4, v0x581cee7395d0_0, v0x581cee738ff0_0;
    .scope S_0x581cee6da620;
T_0 ;
Ewait_0 .event/or E_0x581cee717a60, E_0x0;
    %wait Ewait_0;
    %load/vec4 v0x581cee738ff0_0;
    %pad/u 5;
    %load/vec4 v0x581cee739350_0;
    %pad/u 5;
    %add;
    %store/vec4 v0x581cee739f00_0, 0, 5;
    %load/vec4 v0x581cee739f00_0;
    %pad/u 32;
    %cmpi/u 10, 0, 32;
    %flag_inv 5; GE is !LT
    %jmp/0xz  T_0.0, 5;
    %load/vec4 v0x581cee739f00_0;
    %pad/u 32;
    %subi 10, 0, 32;
    %pad/u 4;
    %store/vec4 v0x581cee738d20_0, 0, 4;
    %jmp T_0.1;
T_0.0 ;
    %load/vec4 v0x581cee739f00_0;
    %parti/s 4, 0, 2;
    %store/vec4 v0x581cee738d20_0, 0, 4;
T_0.1 ;
    %jmp T_0;
    .thread T_0, $push;
    .scope S_0x581cee6da620;
T_1 ;
    %wait E_0x581cee717840;
    %load/vec4 v0x581cee739b20_0;
    %flag_set/vec4 8;
    %jmp/0xz  T_1.0, 8;
    %pushi/vec4 0, 0, 4;
    %assign/vec4 v0x581cee738ff0_0, 0;
    %pushi/vec4 0, 0, 4;
    %assign/vec4 v0x581cee7391b0_0, 0;
    %pushi/vec4 0, 0, 4;
    %assign/vec4 v0x581cee739a40_0, 0;
    %pushi/vec4 0, 0, 4;
    %assign/vec4 v0x581cee739350_0, 0;
    %pushi/vec4 0, 0, 11;
    %assign/vec4 v0x581cee739430_0, 0;
    %pushi/vec4 0, 0, 1;
    %assign/vec4 v0x581cee739e40_0, 0;
    %pushi/vec4 0, 0, 6;
    %assign/vec4 v0x581cee739d60_0, 0;
    %pushi/vec4 0, 0, 4;
    %assign/vec4 v0x581cee7396b0_0, 0;
    %pushi/vec4 9, 0, 4;
    %assign/vec4 v0x581cee7395d0_0, 0;
    %pushi/vec4 0, 0, 1;
    %assign/vec4 v0x581cee738e00_0, 0;
    %jmp T_1.1;
T_1.0 ;
    %load/vec4 v0x581cee738f10_0;
    %assign/vec4 v0x581cee738ff0_0, 0;
    %load/vec4 v0x581cee7390d0_0;
    %assign/vec4 v0x581cee7391b0_0, 0;
    %load/vec4 v0x581cee7391b0_0;
    %assign/vec4 v0x581cee739a40_0, 0;
    %load/vec4 v0x581cee739be0_0;
    %flag_set/vec4 9;
    %flag_get/vec4 9;
    %jmp/0 T_1.4, 9;
    %load/vec4 v0x581cee739ca0_0;
    %nor/r;
    %and;
T_1.4;
    %flag_set/vec4 8;
    %jmp/0xz  T_1.2, 8;
    %load/vec4 v0x581cee739350_0;
    %pad/u 32;
    %cmpi/e 9, 0, 32;
    %jmp/0xz  T_1.5, 4;
    %pushi/vec4 0, 0, 4;
    %assign/vec4 v0x581cee739350_0, 0;
    %jmp T_1.6;
T_1.5 ;
    %load/vec4 v0x581cee739350_0;
    %addi 1, 0, 4;
    %assign/vec4 v0x581cee739350_0, 0;
T_1.6 ;
    %jmp T_1.3;
T_1.2 ;
    %load/vec4 v0x581cee739ca0_0;
    %flag_set/vec4 9;
    %flag_get/vec4 9;
    %jmp/0 T_1.9, 9;
    %load/vec4 v0x581cee739be0_0;
    %nor/r;
    %and;
T_1.9;
    %flag_set/vec4 8;
    %jmp/0xz  T_1.7, 8;
    %load/vec4 v0x581cee739350_0;
    %cmpi/e 0, 0, 4;
    %jmp/0xz  T_1.10, 4;
    %pushi/vec4 9, 0, 4;
    %assign/vec4 v0x581cee739350_0, 0;
    %jmp T_1.11;
T_1.10 ;
    %load/vec4 v0x581cee739350_0;
    %subi 1, 0, 4;
    %assign/vec4 v0x581cee739350_0, 0;
T_1.11 ;
T_1.7 ;
T_1.3 ;
    %load/vec4 v0x581cee739e40_0;
    %nor/r;
    %flag_set/vec4 9;
    %flag_get/vec4 9;
    %jmp/0 T_1.14, 9;
    %load/vec4 v0x581cee739790_0;
    %and;
T_1.14;
    %flag_set/vec4 8;
    %jmp/0xz  T_1.12, 8;
    %load/vec4 v0x581cee739430_0;
    %pad/u 32;
    %cmpi/e 1799, 0, 32;
    %jmp/0xz  T_1.15, 4;
    %pushi/vec4 1, 0, 1;
    %assign/vec4 v0x581cee739e40_0, 0;
    %load/vec4 v0x581cee739430_0;
    %assign/vec4 v0x581cee739430_0, 0;
    %jmp T_1.16;
T_1.15 ;
    %load/vec4 v0x581cee739430_0;
    %addi 1, 0, 11;
    %assign/vec4 v0x581cee739430_0, 0;
T_1.16 ;
T_1.12 ;
    %load/vec4 v0x581cee739e40_0;
    %flag_set/vec4 9;
    %flag_get/vec4 9;
    %jmp/0 T_1.19, 9;
    %load/vec4 v0x581cee739790_0;
    %and;
T_1.19;
    %flag_set/vec4 8;
    %jmp/0xz  T_1.17, 8;
    %load/vec4 v0x581cee739d60_0;
    %pad/u 32;
    %cmpi/e 59, 0, 32;
    %jmp/0xz  T_1.20, 4;
    %pushi/vec4 0, 0, 6;
    %assign/vec4 v0x581cee739d60_0, 0;
    %load/vec4 v0x581cee7396b0_0;
    %load/vec4 v0x581cee7395d0_0;
    %cmp/u;
    %jmp/0xz  T_1.22, 5;
    %load/vec4 v0x581cee7396b0_0;
    %addi 1, 0, 4;
    %assign/vec4 v0x581cee7396b0_0, 0;
    %load/vec4 v0x581cee7395d0_0;
    %subi 1, 0, 4;
    %assign/vec4 v0x581cee7395d0_0, 0;
T_1.22 ;
    %jmp T_1.21;
T_1.20 ;
    %load/vec4 v0x581cee739d60_0;
    %addi 1, 0, 6;
    %assign/vec4 v0x581cee739d60_0, 0;
T_1.21 ;
T_1.17 ;
    %load/vec4 v0x581cee738c80_0;
    %flag_set/vec4 8;
    %flag_get/vec4 8;
    %jmp/0 T_1.24, 8;
    %load/vec4 v0x581cee739510_0;
    %and;
T_1.24;
    %assign/vec4 v0x581cee738e00_0, 0;
T_1.1 ;
    %jmp T_1;
    .thread T_1;
# The file index is used to find the file name in the following table.
:file_names 4;
    "N/A";
    "<interactive>";
    "-";
    "auto_path_gen.sv";
